Archive member included to satisfy reference by file (symbol)

C:\Users\jamie\OneDrive\Documents\GitHub\BirdandWildlifeMonitor\MAIN_BOAD_PROGRAMMING\PROJ515_DSP_BOARD\Drivers\CMSIS\DSP_DRIVERS\Lib\GCC\libarm_cortexM7lfsp_math.a(arm_rfft_fast_init_f32.o)
                              ./Core/Src/main.o (arm_rfft_fast_init_f32)
C:\Users\jamie\OneDrive\Documents\GitHub\BirdandWildlifeMonitor\MAIN_BOAD_PROGRAMMING\PROJ515_DSP_BOARD\Drivers\CMSIS\DSP_DRIVERS\Lib\GCC\libarm_cortexM7lfsp_math.a(arm_rfft_fast_f32.o)
                              ./Core/Src/main.o (arm_rfft_fast_f32)
C:\Users\jamie\OneDrive\Documents\GitHub\BirdandWildlifeMonitor\MAIN_BOAD_PROGRAMMING\PROJ515_DSP_BOARD\Drivers\CMSIS\DSP_DRIVERS\Lib\GCC\libarm_cortexM7lfsp_math.a(arm_cfft_f32.o)
                              C:\Users\jamie\OneDrive\Documents\GitHub\BirdandWildlifeMonitor\MAIN_BOAD_PROGRAMMING\PROJ515_DSP_BOARD\Drivers\CMSIS\DSP_DRIVERS\Lib\GCC\libarm_cortexM7lfsp_math.a(arm_rfft_fast_f32.o) (arm_cfft_f32)
C:\Users\jamie\OneDrive\Documents\GitHub\BirdandWildlifeMonitor\MAIN_BOAD_PROGRAMMING\PROJ515_DSP_BOARD\Drivers\CMSIS\DSP_DRIVERS\Lib\GCC\libarm_cortexM7lfsp_math.a(arm_cmplx_mag_f32.o)
                              ./Core/Src/main.o (arm_cmplx_mag_f32)
C:\Users\jamie\OneDrive\Documents\GitHub\BirdandWildlifeMonitor\MAIN_BOAD_PROGRAMMING\PROJ515_DSP_BOARD\Drivers\CMSIS\DSP_DRIVERS\Lib\GCC\libarm_cortexM7lfsp_math.a(arm_common_tables.o)
                              C:\Users\jamie\OneDrive\Documents\GitHub\BirdandWildlifeMonitor\MAIN_BOAD_PROGRAMMING\PROJ515_DSP_BOARD\Drivers\CMSIS\DSP_DRIVERS\Lib\GCC\libarm_cortexM7lfsp_math.a(arm_rfft_fast_init_f32.o) (twiddleCoef_rfft_4096)
C:\Users\jamie\OneDrive\Documents\GitHub\BirdandWildlifeMonitor\MAIN_BOAD_PROGRAMMING\PROJ515_DSP_BOARD\Drivers\CMSIS\DSP_DRIVERS\Lib\GCC\libarm_cortexM7lfsp_math.a(arm_bitreversal2.o)
                              C:\Users\jamie\OneDrive\Documents\GitHub\BirdandWildlifeMonitor\MAIN_BOAD_PROGRAMMING\PROJ515_DSP_BOARD\Drivers\CMSIS\DSP_DRIVERS\Lib\GCC\libarm_cortexM7lfsp_math.a(arm_cfft_f32.o) (arm_bitreversal_32)
C:\Users\jamie\OneDrive\Documents\GitHub\BirdandWildlifeMonitor\MAIN_BOAD_PROGRAMMING\PROJ515_DSP_BOARD\Drivers\CMSIS\DSP_DRIVERS\Lib\GCC\libarm_cortexM7lfsp_math.a(arm_cfft_radix8_f32.o)
                              C:\Users\jamie\OneDrive\Documents\GitHub\BirdandWildlifeMonitor\MAIN_BOAD_PROGRAMMING\PROJ515_DSP_BOARD\Drivers\CMSIS\DSP_DRIVERS\Lib\GCC\libarm_cortexM7lfsp_math.a(arm_cfft_f32.o) (arm_radix8_butterfly_f32)
C:/ST/STM32CubeIDE_1.14.1/STM32CubeIDE/plugins/com.st.stm32cube.ide.mcu.externaltools.gnu-tools-for-stm32.11.3.rel1.win32_1.1.100.202309141235/tools/bin/../lib/gcc/arm-none-eabi/11.3.1/../../../../arm-none-eabi/lib/thumb/v7e-m+dp/hard\libm.a(libm_a-w_atan2.o)
                              ./Core/Src/main.o (atan2)
C:/ST/STM32CubeIDE_1.14.1/STM32CubeIDE/plugins/com.st.stm32cube.ide.mcu.externaltools.gnu-tools-for-stm32.11.3.rel1.win32_1.1.100.202309141235/tools/bin/../lib/gcc/arm-none-eabi/11.3.1/../../../../arm-none-eabi/lib/thumb/v7e-m+dp/hard\libm.a(libm_a-s_cos.o)
                              ./Core/Src/main.o (cos)
C:/ST/STM32CubeIDE_1.14.1/STM32CubeIDE/plugins/com.st.stm32cube.ide.mcu.externaltools.gnu-tools-for-stm32.11.3.rel1.win32_1.1.100.202309141235/tools/bin/../lib/gcc/arm-none-eabi/11.3.1/../../../../arm-none-eabi/lib/thumb/v7e-m+dp/hard\libm.a(libm_a-s_sin.o)
                              ./Core/Src/main.o (sin)
C:/ST/STM32CubeIDE_1.14.1/STM32CubeIDE/plugins/com.st.stm32cube.ide.mcu.externaltools.gnu-tools-for-stm32.11.3.rel1.win32_1.1.100.202309141235/tools/bin/../lib/gcc/arm-none-eabi/11.3.1/../../../../arm-none-eabi/lib/thumb/v7e-m+dp/hard\libm.a(libm_a-wf_sqrt.o)
                              C:\Users\jamie\OneDrive\Documents\GitHub\BirdandWildlifeMonitor\MAIN_BOAD_PROGRAMMING\PROJ515_DSP_BOARD\Drivers\CMSIS\DSP_DRIVERS\Lib\GCC\libarm_cortexM7lfsp_math.a(arm_cmplx_mag_f32.o) (sqrtf)
C:/ST/STM32CubeIDE_1.14.1/STM32CubeIDE/plugins/com.st.stm32cube.ide.mcu.externaltools.gnu-tools-for-stm32.11.3.rel1.win32_1.1.100.202309141235/tools/bin/../lib/gcc/arm-none-eabi/11.3.1/../../../../arm-none-eabi/lib/thumb/v7e-m+dp/hard\libm.a(libm_a-ef_sqrt.o)
                              C:/ST/STM32CubeIDE_1.14.1/STM32CubeIDE/plugins/com.st.stm32cube.ide.mcu.externaltools.gnu-tools-for-stm32.11.3.rel1.win32_1.1.100.202309141235/tools/bin/../lib/gcc/arm-none-eabi/11.3.1/../../../../arm-none-eabi/lib/thumb/v7e-m+dp/hard\libm.a(libm_a-wf_sqrt.o) (__ieee754_sqrtf)
C:/ST/STM32CubeIDE_1.14.1/STM32CubeIDE/plugins/com.st.stm32cube.ide.mcu.externaltools.gnu-tools-for-stm32.11.3.rel1.win32_1.1.100.202309141235/tools/bin/../lib/gcc/arm-none-eabi/11.3.1/../../../../arm-none-eabi/lib/thumb/v7e-m+dp/hard\libm.a(libm_a-k_cos.o)
[...]
Memory Configuration

Name             Origin             Length             Attributes
RAM              0x0000000020000000 0x0000000000080000 xrw
FLASH            0x0000000008000000 0x0000000000200000 xr
*default*        0x0000000000000000 0xffffffffffffffff

Linker script and memory map

LOAD C:/ST/STM32CubeIDE_1.14.1/STM32CubeIDE/plugins/com.st.stm32cube.ide.mcu.externaltools.gnu-tools-for-stm32.11.3.rel1.win32_1.1.100.202309141235/tools/bin/../lib/gcc/arm-none-eabi/11.3.1/thumb/v7e-m+dp/hard/crti.o
LOAD C:/ST/STM32CubeIDE_1.14.1/STM32CubeIDE/plugins/com.st.stm32cube.ide.mcu.externaltools.gnu-tools-for-stm32.11.3.rel1.win32_1.1.100.202309141235/tools/bin/../lib/gcc/arm-none-eabi/11.3.1/thumb/v7e-m+dp/hard/crtbegin.o
LOAD C:/ST/STM32CubeIDE_1.14.1/STM32CubeIDE/plugins/com.st.stm32cube.ide.mcu.externaltools.gnu-tools-for-stm32.11.3.rel1.win32_1.1.100.202309141235/tools/bin/../lib/gcc/arm-none-eabi/11.3.1/../../../../arm-none-eabi/lib/thumb/v7e-m+dp/hard/crt0.o
LOAD ./Core/Src/main.o
LOAD ./Core/Src/stm32f7xx_hal_msp.o
LOAD ./Core/Src/stm32f7xx_it.o
LOAD ./Core/Src/syscalls.o
LOAD ./Core/Src/sysmem.o
LOAD ./Core/Src/system_stm32f7xx.o
LOAD ./Core/Startup/startup_stm32f767zitx.o
LOAD ./Drivers/STM32F7xx_HAL_Driver/Src/stm32f7xx_hal.o
LOAD ./Drivers/STM32F7xx_HAL_Driver/Src/stm32f7xx_hal_cortex.o
LOAD ./Drivers/STM32F7xx_HAL_Driver/Src/stm32f7xx_hal_dma.o
LOAD ./Drivers/STM32F7xx_HAL_Driver/Src/stm32f7xx_hal_dma_ex.o
LOAD ./Drivers/STM32F7xx_HAL_Driver/Src/stm32f7xx_hal_exti.o
LOAD ./Drivers/STM32F7xx_HAL_Driver/Src/stm32f7xx_hal_flash.o
LOAD ./Drivers/STM32F7xx_HAL_Driver/Src/stm32f7xx_hal_flash_ex.o
LOAD ./Drivers/STM32F7xx_HAL_Driver/Src/stm32f7xx_hal_gpio.o
LOAD ./Drivers/STM32F7xx_HAL_Driver/Src/stm32f7xx_hal_i2c.o
LOAD ./Drivers/STM32F7xx_HAL_Driver/Src/stm32f7xx_hal_i2c_ex.o
LOAD ./Drivers/STM32F7xx_HAL_Driver/Src/stm32f7xx_hal_i2s.o
LOAD ./Drivers/STM32F7xx_HAL_Driver/Src/stm32f7xx_hal_pcd.o
LOAD ./Drivers/STM32F7xx_HAL_Driver/Src/stm32f7xx_hal_pcd_ex.o
LOAD ./Drivers/STM32F7xx_HAL_Driver/Src/stm32f7xx_hal_pwr.o
LOAD ./Drivers/STM32F7xx_HAL_Driver/Src/stm32f7xx_hal_pwr_ex.o
LOAD ./Drivers/STM32F7xx_HAL_Driver/Src/stm32f7xx_hal_rcc.o
LOAD ./Drivers/STM32F7xx_HAL_Driver/Src/stm32f7xx_hal_rcc_ex.o
LOAD ./Drivers/STM32F7xx_HAL_Driver/Src/stm32f7xx_hal_spi.o
LOAD ./Drivers/STM32F7xx_HAL_Driver/Src/stm32f7xx_hal_spi_ex.o
LOAD ./Drivers/STM32F7xx_HAL_Driver/Src/stm32f7xx_hal_tim.o
LOAD ./Drivers/STM32F7xx_HAL_Driver/Src/stm32f7xx_hal_tim_ex.o
LOAD ./Drivers/STM32F7xx_HAL_Driver/Src/stm32f7xx_ll_usb.o
LOAD ./Middlewares/ST/STM32_USB_Device_Library/Class/CDC/Src/usbd_cdc.o
LOAD ./Middlewares/ST/STM32_USB_Device_Library/Core/Src/usbd_core.o
LOAD ./Middlewares/ST/STM32_USB_Device_Library/Core/Src/usbd_ctlreq.o
LOAD ./Middlewares/ST/STM32_USB_Device_Library/Core/Src/usbd_ioreq.o
LOAD ./USB_DEVICE/App/usb_device.o
LOAD ./USB_DEVICE/App/usbd_cdc_if.o
LOAD ./USB_DEVICE/App/usbd_desc.o
LOAD ./USB_DEVICE/Target/usbd_conf.o
LOAD C:\Users\jamie\OneDrive\Documents\GitHub\BirdandWildlifeMonitor\MAIN_BOAD_PROGRAMMING\PROJ515_DSP_BOARD\Drivers\CMSIS\DSP_DRIVERS\Lib\GCC\libarm_cortexM7lfsp_math.a
START GROUP
LOAD C:/ST/STM32CubeIDE_1.14.1/STM32CubeIDE/plugins/com.st.stm32cube.ide.mcu.externaltools.gnu-tools-for-stm32.11.3.rel1.win32_1.1.100.202309141235/tools/bin/../lib/gcc/arm-none-eabi/11.3.1/../../../../arm-none-eabi/lib/thumb/v7e-m+dp/hard\libstdc++_nano.a
LOAD C:/ST/STM32CubeIDE_1.14.1/STM32CubeIDE/plugins/com.st.stm32cube.ide.mcu.externaltools.gnu-tools-for-stm32.11.3.rel1.win32_1.1.100.202309141235/tools/bin/../lib/gcc/arm-none-eabi/11.3.1/../../../../arm-none-eabi/lib/thumb/v7e-m+dp/hard\libsupc++_nano.a
END GROUP
LOAD C:/ST/STM32CubeIDE_1.14.1/STM32CubeIDE/plugins/com.st.stm32cube.ide.mcu.externaltools.gnu-tools-for-stm32.11.3.rel1.win32_1.1.100.202309141235/tools/bin/../lib/gcc/arm-none-eabi/11.3.1/../../../../arm-none-eabi/lib/thumb/v7e-m+dp/hard\libstdc++_nano.a
LOAD C:/ST/STM32CubeIDE_1.14.1/STM32CubeIDE/plugins/com.st.stm32cube.ide.mcu.externaltools.gnu-tools-for-stm32.11.3.rel1.win32_1.1.100.202309141235/tools/bin/../lib/gcc/arm-none-eabi/11.3.1/../../../../arm-none-eabi/lib/thumb/v7e-m+dp/hard\libm.a
LOAD C:/ST/STM32CubeIDE_1.14.1/STM32CubeIDE/plugins/com.st.stm32cube.ide.mcu.externaltools.gnu-tools-for-stm32.11.3.rel1.win32_1.1.100.202309141235/tools/bin/../lib/gcc/arm-none-eabi/11.3.1/../../../../arm-none-eabi/lib/thumb/v7e-m+dp/hard\libc_nano.a
START GROUP
LOAD C:/ST/STM32CubeIDE_1.14.1/STM32CubeIDE/plugins/com.st.stm32cube.ide.mcu.externaltools.gnu-tools-for-stm32.11.3.rel1.win32_1.1.100.202309141235/tools/bin/../lib/gcc/arm-none-eabi/11.3.1/thumb/v7e-m+dp/hard\libgcc.a
LOAD C:/ST/STM32CubeIDE_1.14.1/STM32CubeIDE/plugins/com.st.stm32cube.ide.mcu.externaltools.gnu-tools-for-stm32.11.3.rel1.win32_1.1.100.202309141235/tools/bin/../lib/gcc/arm-none-eabi/11.3.1/../../../../arm-none-eabi/lib/thumb/v7e-m+dp/hard\libc_nano.a
END GROUP
START GROUP
LOAD C:/ST/STM32CubeIDE_1.14.1/STM32CubeIDE/plugins/com.st.stm32cube.ide.mcu.externaltools.gnu-tools-for-stm32.11.3.rel1.win32_1.1.100.202309141235/tools/bin/../lib/gcc/arm-none-eabi/11.3.1/thumb/v7e-m+dp/hard\libgcc.a
LOAD C:/ST/STM32CubeIDE_1.14.1/STM32CubeIDE/plugins/com.st.stm32cube.ide.mcu.externaltools.gnu-tools-for-stm32.11.3.rel1.win32_1.1.100.202309141235/tools/bin/../lib/gcc/arm-none-eabi/11.3.1/../../../../arm-none-eabi/lib/thumb/v7e-m+dp/hard\libc_nano.a
LOAD C:/ST/STM32CubeIDE_1.14.1/STM32CubeIDE/plugins/com.st.stm32cube.ide.mcu.externaltools.gnu-tools-for-stm32.11.3.rel1.win32_1.1.100.202309141235/tools/bin/../lib/gcc/arm-none-eabi/11.3.1/../../../../arm-none-eabi/lib/thumb/v7e-m+dp/hard\libnosys.a
END GROUP
START GROUP
LOAD C:/ST/STM32CubeIDE_1.14.1/STM32CubeIDE/plugins/com.st.stm32cube.ide.mcu.externaltools.gnu-tools-for-stm32.11.3.rel1.win32_1.1.100.202309141235/tools/bin/../lib/gcc/arm-none-eabi/11.3.1/thumb/v7e-m+dp/hard\libgcc.a
LOAD C:/ST/STM32CubeIDE_1.14.1/STM32CubeIDE/plugins/com.st.stm32cube.ide.mcu.externaltools.gnu-tools-for-stm32.11.3.rel1.win32_1.1.100.202309141235/tools/bin/../lib/gcc/arm-none-eabi/11.3.1/../../../../arm-none-eabi/lib/thumb/v7e-m+dp/hard\libc_nano.a
LOAD C:/ST/STM32CubeIDE_1.14.1/STM32CubeIDE/plugins/com.st.stm32cube.ide.mcu.externaltools.gnu-tools-for-stm32.11.3.rel1.win32_1.1.100.202309141235/tools/bin/../lib/gcc/arm-none-eabi/11.3.1/../../../../arm-none-eabi/lib/thumb/v7e-m+dp/hard\libnosys.a
END GROUP
LOAD C:/ST/STM32CubeIDE_1.14.1/STM32CubeIDE/plugins/com.st.stm32cube.ide.mcu.externaltools.gnu-tools-for-stm32.11.3.rel1.win32_1.1.100.202309141235/tools/bin/../lib/gcc/arm-none-eabi/11.3.1/thumb/v7e-m+dp/hard/crtend.o
LOAD C:/ST/STM32CubeIDE_1.14.1/STM32CubeIDE/plugins/com.st.stm32cube.ide.mcu.externaltools.gnu-tools-for-stm32.11.3.rel1.win32_1.1.100.202309141235/tools/bin/../lib/gcc/arm-none-eabi/11.3.1/thumb/v7e-m+dp/hard/crtn.o
                0x0000000020080000                _estack = (ORIGIN (RAM) + LENGTH (RAM))
                0x0000000000000200                _Min_Heap_Size = 0x200
                0x0000000000000400                _Min_Stack_Size = 0x400

.isr_vector     0x0000000008000000      0x1f8
                0x0000000008000000                . = ALIGN (0x4)
 *(.isr_vector)
 .isr_vector    0x0000000008000000      0x1f8 ./Core/Startup/startup_stm32f767zitx.o
                0x0000000008000000                g_pfnVectors
                0x00000000080001f8                . = ALIGN (0x4)

.text           0x0000000008000200     0xe6e4
                0x0000000008000200                . = ALIGN (0x4)
 *(.text)
 .text          0x0000000008000200       0x40 C:/ST/STM32CubeIDE_1.14.1/STM32CubeIDE/plugins/com.st.stm32cube.ide.mcu.externaltools.gnu-tools-for-stm32.11.3.rel1.win32_1.1.100.202309141235/tools/bin/../lib/gcc/arm-none-eabi/11.3.1/thumb/v7e-m+dp/hard/crtbegin.o
 .text          0x0000000008000240       0xc0 C:\Users\jamie\OneDrive\Documents\GitHub\BirdandWildlifeMonitor\MAIN_BOAD_PROGRAMMING\PROJ515_DSP_BOARD\Drivers\CMSIS\DSP_DRIVERS\Lib\GCC\libarm_cortexM7lfsp_math.a(arm_bitreversal2.o)
                0x0000000008000240                arm_bitreversal_32
                0x00000000080002aa                arm_bitreversal_16
 .text          0x0000000008000300       0xa0 C:/ST/STM32CubeIDE_1.14.1/STM32CubeIDE/plugins/com.st.stm32cube.ide.mcu.externaltools.gnu-tools-for-stm32.11.3.rel1.win32_1.1.100.202309141235/tools/bin/../lib/gcc/arm-none-eabi/11.3.1/../../../../arm-none-eabi/lib/thumb/v7e-m+dp/hard\libc_nano.a(libc_a-memchr.o)
                0x0000000008000300                memchr
 .text          0x00000000080003a0       0x10 C:/ST/STM32CubeIDE_1.14.1/STM32CubeIDE/plugins/com.st.stm32cube.ide.mcu.externaltools.gnu-tools-for-stm32.11.3.rel1.win32_1.1.100.202309141235/tools/bin/../lib/gcc/arm-none-eabi/11.3.1/../../../../arm-none-eabi/lib/thumb/v7e-m+dp/hard\libc_nano.a(libc_a-strlen.o)
                0x00000000080003a0                strlen
 .text          0x00000000080003b0       0x30 C:/ST/STM32CubeIDE_1.14.1/STM32CubeIDE/plugins/com.st.stm32cube.ide.mcu.externaltools.gnu-tools-for-stm32.11.3.rel1.win32_1.1.100.202309141235/tools/bin/../lib/gcc/arm-none-eabi/11.3.1/thumb/v7e-m+dp/hard\libgcc.a(_aeabi_uldivmod.o)
                0x00000000080003b0                __aeabi_uldivmod
 .text          0x00000000080003e0      0x2c8 C:/ST/STM32CubeIDE_1.14.1/STM32CubeIDE/plugins/com.st.stm32cube.ide.mcu.externaltools.gnu-tools-for-stm32.11.3.rel1.win32_1.1.100.202309141235/tools/bin/../lib/gcc/arm-none-eabi/11.3.1/thumb/v7e-m+dp/hard\libgcc.a(_udivmoddi4.o)
                0x00000000080003e0                __udivmoddi4
 .text          0x00000000080006a8        0x4 C:/ST/STM32CubeIDE_1.14.1/STM32CubeIDE/plugins/com.st.stm32cube.ide.mcu.externaltools.gnu-tools-for-stm32.11.3.rel1.win32_1.1.100.202309141235/tools/bin/../lib/gcc/arm-none-eabi/11.3.1/thumb/v7e-m+dp/hard\libgcc.a(_dvmd_tls.o)
                0x00000000080006a8                __aeabi_idiv0
                0x00000000080006a8                __aeabi_ldiv0
 *(.text*)
 .text.spi_data_send
                0x00000000080006ac      0x114 ./Core/Src/main.o
                0x00000000080006ac                spi_data_send
 .text.BAD      0x00000000080007c0      0x16c ./Core/Src/main.o
                0x00000000080007c0                BAD
 .text.spectral_subtraction
                0x000000000800092c      0x240 ./Core/Src/main.o
                0x000000000800092c                spectral_subtraction
 .text.process_data
                0x0000000008000b6c      0x104 ./Core/Src/main.o
                0x0000000008000b6c                process_data
 .text.HAL_I2S_RxHalfCpltCallback
                0x0000000008000c70       0x28 ./Core/Src/main.o
                0x0000000008000c70                HAL_I2S_RxHalfCpltCallback
 .text.HAL_SPI_TxCpltCallback
                0x0000000008000c98       0x20 ./Core/Src/main.o
                0x0000000008000c98                HAL_SPI_TxCpltCallback
 .text.main     0x0000000008000cb8       0xb8 ./Core/Src/main.o
                0x0000000008000cb8                main
 .text.SystemClock_Config
                0x0000000008000d70       0xdc ./Core/Src/main.o
                0x0000000008000d70                SystemClock_Config
 .text.PeriphCommonClock_Config
                0x0000000008000e4c       0x48 ./Core/Src/main.o
                0x0000000008000e4c                PeriphCommonClock_Config
 .text.MX_I2S2_Init
                0x0000000008000e94       0x58 ./Core/Src/main.o
 .text.MX_I2S3_Init
                0x0000000008000eec       0x54 ./Core/Src/main.o
 .text.MX_SPI4_Init
                0x0000000008000f40       0x74 ./Core/Src/main.o
 .text.MX_DMA_Init
                0x0000000008000fb4       0x74 ./Core/Src/main.o
 .text.MX_GPIO_Init
                0x0000000008001028      0x130 ./Core/Src/main.o
 .text.Error_Handler
                0x0000000008001158        0xa ./Core/Src/main.o
                0x0000000008001158                Error_Handler
 *fill*         0x0000000008001162        0x2 
 .text.HAL_MspInit
                0x0000000008001164       0x48 ./Core/Src/stm32f7xx_hal_msp.o
                0x0000000008001164                HAL_MspInit
 .text.HAL_I2S_MspInit
                0x00000000080011ac      0x280 ./Core/Src/stm32f7xx_hal_msp.o
                0x00000000080011ac                HAL_I2S_MspInit
 .text.HAL_SPI_MspInit
                0x000000000800142c       0xec ./Core/Src/stm32f7xx_hal_msp.o
                0x000000000800142c                HAL_SPI_MspInit
 .text.NMI_Handler
                0x0000000008001518        0x6 ./Core/Src/stm32f7xx_it.o
                0x0000000008001518                NMI_Handler
 .text.HardFault_Handler
                0x000000000800151e        0x6 ./Core/Src/stm32f7xx_it.o
                0x000000000800151e                HardFault_Handler
 .text.MemManage_Handler
                0x0000000008001524        0x6 ./Core/Src/stm32f7xx_it.o
                0x0000000008001524                MemManage_Handler
 .text.BusFault_Handler
                0x000000000800152a        0x6 ./Core/Src/stm32f7xx_it.o
                0x000000000800152a                BusFault_Handler
 .text.UsageFault_Handler
                0x0000000008001530        0x6 ./Core/Src/stm32f7xx_it.o
                0x0000000008001530                UsageFault_Handler
 .text.SVC_Handler
                0x0000000008001536        0xe ./Core/Src/stm32f7xx_it.o
                0x0000000008001536                SVC_Handler
 .text.DebugMon_Handler
                0x0000000008001544        0xe ./Core/Src/stm32f7xx_it.o
                0x0000000008001544                DebugMon_Handler
 .text.PendSV_Handler
                0x0000000008001552        0xe ./Core/Src/stm32f7xx_it.o
                0x0000000008001552                PendSV_Handler
 .text.SysTick_Handler
                0x0000000008001560        0xc ./Core/Src/stm32f7xx_it.o
                0x0000000008001560                SysTick_Handler
 .text.DMA1_Stream1_IRQHandler
                0x000000000800156c       0x14 ./Core/Src/stm32f7xx_it.o
                0x000000000800156c                DMA1_Stream1_IRQHandler
 .text.DMA1_Stream5_IRQHandler
                0x0000000008001580       0x14 ./Core/Src/stm32f7xx_it.o
                0x0000000008001580                DMA1_Stream5_IRQHandler
 .text.DMA2_Stream1_IRQHandler
                0x0000000008001594       0x14 ./Core/Src/stm32f7xx_it.o
                0x0000000008001594                DMA2_Stream1_IRQHandler
 .text.OTG_FS_IRQHandler
                0x00000000080015a8       0x14 ./Core/Src/stm32f7xx_it.o
                0x00000000080015a8                OTG_FS_IRQHandler
 .text._getpid  0x00000000080015bc       0x10 ./Core/Src/syscalls.o
                0x00000000080015bc                _getpid
 .text._kill    0x00000000080015cc       0x20 ./Core/Src/syscalls.o
                0x00000000080015cc                _kill
 .text._exit    0x00000000080015ec       0x14 ./Core/Src/syscalls.o
                0x00000000080015ec                _exit
 .text._read    0x0000000008001600       0x3a ./Core/Src/syscalls.o
                0x0000000008001600                _read
 .text._write   0x000000000800163a       0x38 ./Core/Src/syscalls.o
                0x000000000800163a                _write
 .text._close   0x0000000008001672       0x18 ./Core/Src/syscalls.o
                0x0000000008001672                _close
 .text._fstat   0x000000000800168a       0x20 ./Core/Src/syscalls.o
                0x000000000800168a                _fstat
 .text._isatty  0x00000000080016aa       0x16 ./Core/Src/syscalls.o
                0x00000000080016aa                _isatty
 .text._lseek   0x00000000080016c0       0x1a ./Core/Src/syscalls.o
                0x00000000080016c0                _lseek
 *fill*         0x00000000080016da        0x2 
 .text._sbrk    0x00000000080016dc       0x6c ./Core/Src/sysmem.o
                0x00000000080016dc                _sbrk
 .text.SystemInit
                0x0000000008001748       0x24 ./Core/Src/system_stm32f7xx.o
                0x0000000008001748                SystemInit
 .text.Reset_Handler
                0x000000000800176c       0x50 ./Core/Startup/startup_stm32f767zitx.o
                0x000000000800176c                Reset_Handler
 .text.Default_Handler
                0x00000000080017bc        0x2 ./Core/Startup/startup_stm32f767zitx.o
                0x00000000080017bc                RTC_Alarm_IRQHandler
                0x00000000080017bc                EXTI2_IRQHandler
                0x00000000080017bc                TIM8_CC_IRQHandler
                0x00000000080017bc                UART8_IRQHandler
                0x00000000080017bc                SPI4_IRQHandler
                0x00000000080017bc                TIM1_CC_IRQHandler
                0x00000000080017bc                DMA2_Stream5_IRQHandler
                0x00000000080017bc                JPEG_IRQHandler
                0x00000000080017bc                CAN3_RX1_IRQHandler
                0x00000000080017bc                PVD_IRQHandler
                0x00000000080017bc                TAMP_STAMP_IRQHandler
                0x00000000080017bc                CAN2_RX1_IRQHandler
                0x00000000080017bc                EXTI3_IRQHandler
                0x00000000080017bc                TIM8_TRG_COM_TIM14_IRQHandler
                0x00000000080017bc                DFSDM1_FLT1_IRQHandler
                0x00000000080017bc                TIM1_UP_TIM10_IRQHandler
                0x00000000080017bc                TIM8_UP_TIM13_IRQHandler
                0x00000000080017bc                I2C3_ER_IRQHandler
                0x00000000080017bc                DFSDM1_FLT2_IRQHandler
                0x00000000080017bc                EXTI0_IRQHandler
                0x00000000080017bc                I2C2_EV_IRQHandler
                0x00000000080017bc                DMA1_Stream2_IRQHandler
                0x00000000080017bc                CAN1_RX0_IRQHandler
                0x00000000080017bc                FPU_IRQHandler
                0x00000000080017bc                OTG_HS_WKUP_IRQHandler
                0x00000000080017bc                CAN3_SCE_IRQHandler
                0x00000000080017bc                LTDC_ER_IRQHandler
                0x00000000080017bc                CAN2_SCE_IRQHandler
                0x00000000080017bc                DMA2_Stream2_IRQHandler
                0x00000000080017bc                SPI1_IRQHandler
                0x00000000080017bc                TIM6_DAC_IRQHandler
                0x00000000080017bc                TIM1_BRK_TIM9_IRQHandler
                0x00000000080017bc                DCMI_IRQHandler
                0x00000000080017bc                CAN2_RX0_IRQHandler
                0x00000000080017bc                DMA2_Stream3_IRQHandler
                0x00000000080017bc                SAI2_IRQHandler
                0x00000000080017bc                DFSDM1_FLT3_IRQHandler
                0x00000000080017bc                USART6_IRQHandler
                0x00000000080017bc                CAN3_RX0_IRQHandler
                0x00000000080017bc                USART3_IRQHandler
                0x00000000080017bc                CAN1_RX1_IRQHandler
                0x00000000080017bc                UART5_IRQHandler
                0x00000000080017bc                DMA2_Stream0_IRQHandler
                0x00000000080017bc                TIM4_IRQHandler
                0x00000000080017bc                QUADSPI_IRQHandler
                0x00000000080017bc                I2C1_EV_IRQHandler
                0x00000000080017bc                DMA1_Stream6_IRQHandler
                0x00000000080017bc                UART4_IRQHandler
                0x00000000080017bc                TIM3_IRQHandler
                0x00000000080017bc                RCC_IRQHandler
                0x00000000080017bc                TIM8_BRK_TIM12_IRQHandler
                0x00000000080017bc                Default_Handler
                0x00000000080017bc                CEC_IRQHandler
                0x00000000080017bc                EXTI15_10_IRQHandler
                0x00000000080017bc                ADC_IRQHandler
                0x00000000080017bc                DMA1_Stream7_IRQHandler
                0x00000000080017bc                SPI5_IRQHandler
                0x00000000080017bc                TIM7_IRQHandler
                0x00000000080017bc                SDMMC1_IRQHandler
                0x00000000080017bc                CAN2_TX_IRQHandler
                0x00000000080017bc                TIM5_IRQHandler
                0x00000000080017bc                DMA2_Stream7_IRQHandler
                0x00000000080017bc                I2C3_EV_IRQHandler
                0x00000000080017bc                EXTI9_5_IRQHandler
                0x00000000080017bc                RTC_WKUP_IRQHandler
                0x00000000080017bc                LTDC_IRQHandler
                0x00000000080017bc                ETH_WKUP_IRQHandler
                0x00000000080017bc                SPDIF_RX_IRQHandler
                0x00000000080017bc                SPI2_IRQHandler
                0x00000000080017bc                OTG_HS_EP1_IN_IRQHandler
                0x00000000080017bc                DMA1_Stream0_IRQHandler
                0x00000000080017bc                CAN1_TX_IRQHandler
                0x00000000080017bc                EXTI4_IRQHandler
                0x00000000080017bc                RNG_IRQHandler
                0x00000000080017bc                ETH_IRQHandler
                0x00000000080017bc                OTG_HS_EP1_OUT_IRQHandler
                0x00000000080017bc                WWDG_IRQHandler
                0x00000000080017bc                SPI6_IRQHandler
                0x00000000080017bc                MDIOS_IRQHandler
                0x00000000080017bc                I2C4_EV_IRQHandler
                0x00000000080017bc                CAN3_TX_IRQHandler
                0x00000000080017bc                TIM2_IRQHandler
                0x00000000080017bc                OTG_FS_WKUP_IRQHandler
                0x00000000080017bc                TIM1_TRG_COM_TIM11_IRQHandler
                0x00000000080017bc                OTG_HS_IRQHandler
                0x00000000080017bc                DMA2D_IRQHandler
                0x00000000080017bc                EXTI1_IRQHandler
                0x00000000080017bc                SDMMC2_IRQHandler
                0x00000000080017bc                UART7_IRQHandler
                0x00000000080017bc                USART2_IRQHandler
                0x00000000080017bc                DFSDM1_FLT0_IRQHandler
                0x00000000080017bc                I2C2_ER_IRQHandler
                0x00000000080017bc                CAN1_SCE_IRQHandler
                0x00000000080017bc                FLASH_IRQHandler
                0x00000000080017bc                DMA2_Stream4_IRQHandler
                0x00000000080017bc                USART1_IRQHandler
                0x00000000080017bc                SPI3_IRQHandler
                0x00000000080017bc                DMA1_Stream4_IRQHandler
                0x00000000080017bc                I2C1_ER_IRQHandler
                0x00000000080017bc                FMC_IRQHandler
                0x00000000080017bc                LPTIM1_IRQHandler
                0x00000000080017bc                I2C4_ER_IRQHandler
                0x00000000080017bc                DMA2_Stream6_IRQHandler
                0x00000000080017bc                SAI1_IRQHandler
                0x00000000080017bc                DMA1_Stream3_IRQHandler
 .text.HAL_Init
                0x00000000080017be       0x1a ./Drivers/STM32F7xx_HAL_Driver/Src/stm32f7xx_hal.o
                0x00000000080017be                HAL_Init
 .text.HAL_InitTick
                0x00000000080017d8       0x60 ./Drivers/STM32F7xx_HAL_Driver/Src/stm32f7xx_hal.o
                0x00000000080017d8                HAL_InitTick
 .text.HAL_IncTick
                0x0000000008001838       0x28 ./Drivers/STM32F7xx_HAL_Driver/Src/stm32f7xx_hal.o
                0x0000000008001838                HAL_IncTick
 .text.HAL_GetTick
                0x0000000008001860       0x18 ./Drivers/STM32F7xx_HAL_Driver/Src/stm32f7xx_hal.o
                0x0000000008001860                HAL_GetTick
 .text.HAL_Delay
                0x0000000008001878       0x48 ./Drivers/STM32F7xx_HAL_Driver/Src/stm32f7xx_hal.o
                0x0000000008001878                HAL_Delay
 .text.__NVIC_SetPriorityGrouping
                0x00000000080018c0       0x48 ./Drivers/STM32F7xx_HAL_Driver/Src/stm32f7xx_hal_cortex.o
 .text.__NVIC_GetPriorityGrouping
                0x0000000008001908       0x1c ./Drivers/STM32F7xx_HAL_Driver/Src/stm32f7xx_hal_cortex.o
 .text.__NVIC_EnableIRQ
                0x0000000008001924       0x3c ./Drivers/STM32F7xx_HAL_Driver/Src/stm32f7xx_hal_cortex.o
 .text.__NVIC_SetPriority
                0x0000000008001960       0x54 ./Drivers/STM32F7xx_HAL_Driver/Src/stm32f7xx_hal_cortex.o
 .text.NVIC_EncodePriority
                0x00000000080019b4       0x66 ./Drivers/STM32F7xx_HAL_Driver/Src/stm32f7xx_hal_cortex.o
 *fill*         0x0000000008001a1a        0x2 
 .text.SysTick_Config
                0x0000000008001a1c       0x44 ./Drivers/STM32F7xx_HAL_Driver/Src/stm32f7xx_hal_cortex.o
 .text.HAL_NVIC_SetPriorityGrouping
                0x0000000008001a60       0x16 ./Drivers/STM32F7xx_HAL_Driver/Src/stm32f7xx_hal_cortex.o
                0x0000000008001a60                HAL_NVIC_SetPriorityGrouping
 .text.HAL_NVIC_SetPriority
                0x0000000008001a76       0x38 ./Drivers/STM32F7xx_HAL_Driver/Src/stm32f7xx_hal_cortex.o
                0x0000000008001a76                HAL_NVIC_SetPriority
 .text.HAL_NVIC_EnableIRQ
                0x0000000008001aae       0x1c ./Drivers/STM32F7xx_HAL_Driver/Src/stm32f7xx_hal_cortex.o
                0x0000000008001aae                HAL_NVIC_EnableIRQ
 .text.HAL_SYSTICK_Config
                0x0000000008001aca       0x18 ./Drivers/STM32F7xx_HAL_Driver/Src/stm32f7xx_hal_cortex.o
                0x0000000008001aca                HAL_SYSTICK_Config
 *fill*         0x0000000008001ae2        0x2 
 .text.HAL_DMA_Init
                0x0000000008001ae4      0x15c ./Drivers/STM32F7xx_HAL_Driver/Src/stm32f7xx_hal_dma.o
                0x0000000008001ae4                HAL_DMA_Init
 .text.HAL_DMA_Start_IT
                0x0000000008001c40       0xc0 ./Drivers/STM32F7xx_HAL_Driver/Src/stm32f7xx_hal_dma.o
                0x0000000008001c40                HAL_DMA_Start_IT
 .text.HAL_DMA_IRQHandler
                0x0000000008001d00      0x314 ./Drivers/STM32F7xx_HAL_Driver/Src/stm32f7xx_hal_dma.o
                0x0000000008001d00                HAL_DMA_IRQHandler
 .text.DMA_SetConfig
                0x0000000008002014       0x5c ./Drivers/STM32F7xx_HAL_Driver/Src/stm32f7xx_hal_dma.o
 .text.DMA_CalcBaseAndBitshift
                0x0000000008002070       0x6c ./Drivers/STM32F7xx_HAL_Driver/Src/stm32f7xx_hal_dma.o
 .text.DMA_CheckFifoParam
                0x00000000080020dc       0xf8 ./Drivers/STM32F7xx_HAL_Driver/Src/stm32f7xx_hal_dma.o
 .text.HAL_GPIO_Init
                0x00000000080021d4      0x358 ./Drivers/STM32F7xx_HAL_Driver/Src/stm32f7xx_hal_gpio.o
                0x00000000080021d4                HAL_GPIO_Init
 .text.HAL_GPIO_WritePin
                0x000000000800252c       0x32 ./Drivers/STM32F7xx_HAL_Driver/Src/stm32f7xx_hal_gpio.o
                0x000000000800252c                HAL_GPIO_WritePin
 *fill*         0x000000000800255e        0x2 
 .text.HAL_I2S_Init
                0x0000000008002560      0x1cc ./Drivers/STM32F7xx_HAL_Driver/Src/stm32f7xx_hal_i2s.o
                0x0000000008002560                HAL_I2S_Init
 .text.HAL_I2S_Transmit_DMA
                0x000000000800272c      0x150 ./Drivers/STM32F7xx_HAL_Driver/Src/stm32f7xx_hal_i2s.o
                0x000000000800272c                HAL_I2S_Transmit_DMA
 .text.HAL_I2S_Receive_DMA
                0x000000000800287c      0x178 ./Drivers/STM32F7xx_HAL_Driver/Src/stm32f7xx_hal_i2s.o
                0x000000000800287c                HAL_I2S_Receive_DMA
 .text.HAL_I2S_TxHalfCpltCallback
                0x00000000080029f4       0x14 ./Drivers/STM32F7xx_HAL_Driver/Src/stm32f7xx_hal_i2s.o
                0x00000000080029f4                HAL_I2S_TxHalfCpltCallback
 .text.HAL_I2S_TxCpltCallback
                0x0000000008002a08       0x14 ./Drivers/STM32F7xx_HAL_Driver/Src/stm32f7xx_hal_i2s.o
                0x0000000008002a08                HAL_I2S_TxCpltCallback
 .text.HAL_I2S_RxCpltCallback
                0x0000000008002a1c       0x14 ./Drivers/STM32F7xx_HAL_Driver/Src/stm32f7xx_hal_i2s.o
                0x0000000008002a1c                HAL_I2S_RxCpltCallback
 .text.HAL_I2S_ErrorCallback
                0x0000000008002a30       0x14 ./Drivers/STM32F7xx_HAL_Driver/Src/stm32f7xx_hal_i2s.o
                0x0000000008002a30                HAL_I2S_ErrorCallback
 .text.I2S_GetClockFreq
                0x0000000008002a44       0x94 ./Drivers/STM32F7xx_HAL_Driver/Src/stm32f7xx_hal_i2s.o
 .text.I2S_DMATxCplt
                0x0000000008002ad8       0x42 ./Drivers/STM32F7xx_HAL_Driver/Src/stm32f7xx_hal_i2s.o
 .text.I2S_DMATxHalfCplt
                0x0000000008002b1a       0x1c ./Drivers/STM32F7xx_HAL_Driver/Src/stm32f7xx_hal_i2s.o
 .text.I2S_DMARxCplt
                0x0000000008002b36       0x42 ./Drivers/STM32F7xx_HAL_Driver/Src/stm32f7xx_hal_i2s.o
 .text.I2S_DMARxHalfCplt
                0x0000000008002b78       0x1c ./Drivers/STM32F7xx_HAL_Driver/Src/stm32f7xx_hal_i2s.o
 .text.I2S_DMAError
                0x0000000008002b94       0x4c ./Drivers/STM32F7xx_HAL_Driver/Src/stm32f7xx_hal_i2s.o
 .text.HAL_PCD_Init
                0x0000000008002be0      0x248 ./Drivers/STM32F7xx_HAL_Driver/Src/stm32f7xx_hal_pcd.o
                0x0000000008002be0                HAL_PCD_Init
 .text.HAL_PCD_Start
                0x0000000008002e28       0x44 ./Drivers/STM32F7xx_HAL_Driver/Src/stm32f7xx_hal_pcd.o
                0x0000000008002e28                HAL_PCD_Start
 .text.HAL_PCD_IRQHandler
                0x0000000008002e6c      0x998 ./Drivers/STM32F7xx_HAL_Driver/Src/stm32f7xx_hal_pcd.o
                0x0000000008002e6c                HAL_PCD_IRQHandler
 .text.HAL_PCD_SetAddress
                0x0000000008003804       0x4a ./Drivers/STM32F7xx_HAL_Driver/Src/stm32f7xx_hal_pcd.o
                0x0000000008003804                HAL_PCD_SetAddress
 .text.HAL_PCD_EP_Open
                0x000000000800384e       0xd0 ./Drivers/STM32F7xx_HAL_Driver/Src/stm32f7xx_hal_pcd.o
                0x000000000800384e                HAL_PCD_EP_Open
 .text.HAL_PCD_EP_Close
                0x000000000800391e       0x94 ./Drivers/STM32F7xx_HAL_Driver/Src/stm32f7xx_hal_pcd.o
                0x000000000800391e                HAL_PCD_EP_Close
 .text.HAL_PCD_EP_Receive
                0x00000000080039b2       0x96 ./Drivers/STM32F7xx_HAL_Driver/Src/stm32f7xx_hal_pcd.o
                0x00000000080039b2                HAL_PCD_EP_Receive
 .text.HAL_PCD_EP_GetRxCount
                0x0000000008003a48       0x30 ./Drivers/STM32F7xx_HAL_Driver/Src/stm32f7xx_hal_pcd.o
                0x0000000008003a48                HAL_PCD_EP_GetRxCount
 .text.HAL_PCD_EP_Transmit
                0x0000000008003a78       0x94 ./Drivers/STM32F7xx_HAL_Driver/Src/stm32f7xx_hal_pcd.o
                0x0000000008003a78                HAL_PCD_EP_Transmit
 .text.HAL_PCD_EP_SetStall
                0x0000000008003b0c       0xc8 ./Drivers/STM32F7xx_HAL_Driver/Src/stm32f7xx_hal_pcd.o
                0x0000000008003b0c                HAL_PCD_EP_SetStall
 .text.HAL_PCD_EP_ClrStall
                0x0000000008003bd4       0xac ./Drivers/STM32F7xx_HAL_Driver/Src/stm32f7xx_hal_pcd.o
                0x0000000008003bd4                HAL_PCD_EP_ClrStall
 .text.HAL_PCD_EP_Abort
                0x0000000008003c80       0x62 ./Drivers/STM32F7xx_HAL_Driver/Src/stm32f7xx_hal_pcd.o
                0x0000000008003c80                HAL_PCD_EP_Abort
 .text.PCD_WriteEmptyTxFifo
                0x0000000008003ce2      0x11a ./Drivers/STM32F7xx_HAL_Driver/Src/stm32f7xx_hal_pcd.o
 .text.PCD_EP_OutXfrComplete_int
                0x0000000008003dfc      0x1d0 ./Drivers/STM32F7xx_HAL_Driver/Src/stm32f7xx_hal_pcd.o
 .text.PCD_EP_OutSetupPacket_int
                0x0000000008003fcc       0x8c ./Drivers/STM32F7xx_HAL_Driver/Src/stm32f7xx_hal_pcd.o
 .text.HAL_PCDEx_SetTxFiFo
                0x0000000008004058       0x8e ./Drivers/STM32F7xx_HAL_Driver/Src/stm32f7xx_hal_pcd_ex.o
                0x0000000008004058                HAL_PCDEx_SetTxFiFo
 .text.HAL_PCDEx_SetRxFiFo
                0x00000000080040e6       0x22 ./Drivers/STM32F7xx_HAL_Driver/Src/stm32f7xx_hal_pcd_ex.o
                0x00000000080040e6                HAL_PCDEx_SetRxFiFo
 .text.HAL_PCDEx_ActivateLPM
                0x0000000008004108       0x48 ./Drivers/STM32F7xx_HAL_Driver/Src/stm32f7xx_hal_pcd_ex.o
                0x0000000008004108                HAL_PCDEx_ActivateLPM
 .text.HAL_PWREx_EnableOverDrive
                0x0000000008004150       0xa0 ./Drivers/STM32F7xx_HAL_Driver/Src/stm32f7xx_hal_pwr_ex.o
                0x0000000008004150                HAL_PWREx_EnableOverDrive
 .text.HAL_RCC_OscConfig
                0x00000000080041f0      0x55c ./Drivers/STM32F7xx_HAL_Driver/Src/stm32f7xx_hal_rcc.o
                0x00000000080041f0                HAL_RCC_OscConfig
 .text.HAL_RCC_ClockConfig
                0x000000000800474c      0x1d8 ./Drivers/STM32F7xx_HAL_Driver/Src/stm32f7xx_hal_rcc.o
                0x000000000800474c                HAL_RCC_ClockConfig
 .text.HAL_RCC_GetSysClockFreq
                0x0000000008004924      0x208 ./Drivers/STM32F7xx_HAL_Driver/Src/stm32f7xx_hal_rcc.o
                0x0000000008004924                HAL_RCC_GetSysClockFreq
 .text.HAL_RCC_GetHCLKFreq
                0x0000000008004b2c       0x18 ./Drivers/STM32F7xx_HAL_Driver/Src/stm32f7xx_hal_rcc.o
                0x0000000008004b2c                HAL_RCC_GetHCLKFreq
 .text.HAL_RCCEx_PeriphCLKConfig
                0x0000000008004b44      0x850 ./Drivers/STM32F7xx_HAL_Driver/Src/stm32f7xx_hal_rcc_ex.o
                0x0000000008004b44                HAL_RCCEx_PeriphCLKConfig
 .text.HAL_SPI_Init
                0x0000000008005394      0x156 ./Drivers/STM32F7xx_HAL_Driver/Src/stm32f7xx_hal_spi.o
                0x0000000008005394                HAL_SPI_Init
 *fill*         0x00000000080054ea        0x2 
 .text.HAL_SPI_Transmit_DMA
                0x00000000080054ec      0x1e8 ./Drivers/STM32F7xx_HAL_Driver/Src/stm32f7xx_hal_spi.o
                0x00000000080054ec                HAL_SPI_Transmit_DMA
 .text.HAL_SPI_TxHalfCpltCallback
                0x00000000080056d4       0x14 ./Drivers/STM32F7xx_HAL_Driver/Src/stm32f7xx_hal_spi.o
                0x00000000080056d4                HAL_SPI_TxHalfCpltCallback
 .text.HAL_SPI_ErrorCallback
                0x00000000080056e8       0x14 ./Drivers/STM32F7xx_HAL_Driver/Src/stm32f7xx_hal_spi.o
                0x00000000080056e8                HAL_SPI_ErrorCallback
 .text.SPI_DMATransmitCplt
                0x00000000080056fc       0xa8 ./Drivers/STM32F7xx_HAL_Driver/Src/stm32f7xx_hal_spi.o
 .text.SPI_DMAHalfTransmitCplt
                0x00000000080057a4       0x1c ./Drivers/STM32F7xx_HAL_Driver/Src/stm32f7xx_hal_spi.o
 .text.SPI_DMAError
                0x00000000080057c0       0x40 ./Drivers/STM32F7xx_HAL_Driver/Src/stm32f7xx_hal_spi.o
 .text.SPI_WaitFlagStateUntilTimeout
                0x0000000008005800      0x110 ./Drivers/STM32F7xx_HAL_Driver/Src/stm32f7xx_hal_spi.o
 .text.SPI_WaitFifoStateUntilTimeout
                0x0000000008005910      0x12c ./Drivers/STM32F7xx_HAL_Driver/Src/stm32f7xx_hal_spi.o
 .text.SPI_EndRxTxTransaction
                0x0000000008005a3c       0xd4 ./Drivers/STM32F7xx_HAL_Driver/Src/stm32f7xx_hal_spi.o
 .text.USB_CoreInit
                0x0000000008005b10       0xb0 ./Drivers/STM32F7xx_HAL_Driver/Src/stm32f7xx_ll_usb.o
                0x0000000008005b10                USB_CoreInit
 .text.USB_SetTurnaroundTime
                0x0000000008005bc0      0x144 ./Drivers/STM32F7xx_HAL_Driver/Src/stm32f7xx_ll_usb.o
                0x0000000008005bc0                USB_SetTurnaroundTime
 .text.USB_EnableGlobalInt
                0x0000000008005d04       0x22 ./Drivers/STM32F7xx_HAL_Driver/Src/stm32f7xx_ll_usb.o
                0x0000000008005d04                USB_EnableGlobalInt
 .text.USB_DisableGlobalInt
                0x0000000008005d26       0x22 ./Drivers/STM32F7xx_HAL_Driver/Src/stm32f7xx_ll_usb.o
                0x0000000008005d26                USB_DisableGlobalInt
 .text.USB_SetCurrentMode
                0x0000000008005d48       0x98 ./Drivers/STM32F7xx_HAL_Driver/Src/stm32f7xx_ll_usb.o
                0x0000000008005d48                USB_SetCurrentMode
 .text.USB_DevInit
                0x0000000008005de0      0x2bc ./Drivers/STM32F7xx_HAL_Driver/Src/stm32f7xx_ll_usb.o
                0x0000000008005de0                USB_DevInit
 .text.USB_FlushTxFifo
                0x000000000800609c       0x68 ./Drivers/STM32F7xx_HAL_Driver/Src/stm32f7xx_ll_usb.o
                0x000000000800609c                USB_FlushTxFifo
 .text.USB_FlushRxFifo
                0x0000000008006104       0x60 ./Drivers/STM32F7xx_HAL_Driver/Src/stm32f7xx_ll_usb.o
                0x0000000008006104                USB_FlushRxFifo
 .text.USB_SetDevSpeed
                0x0000000008006164       0x32 ./Drivers/STM32F7xx_HAL_Driver/Src/stm32f7xx_ll_usb.o
                0x0000000008006164                USB_SetDevSpeed
 .text.USB_GetDevSpeed
                0x0000000008006196       0x4a ./Drivers/STM32F7xx_HAL_Driver/Src/stm32f7xx_ll_usb.o
                0x0000000008006196                USB_GetDevSpeed
 .text.USB_ActivateEndpoint
                0x00000000080061e0      0x110 ./Drivers/STM32F7xx_HAL_Driver/Src/stm32f7xx_ll_usb.o
                0x00000000080061e0                USB_ActivateEndpoint
 .text.USB_DeactivateEndpoint
                0x00000000080062f0      0x1b8 ./Drivers/STM32F7xx_HAL_Driver/Src/stm32f7xx_ll_usb.o
                0x00000000080062f0                USB_DeactivateEndpoint
 .text.USB_EPStartXfer
                0x00000000080064a8      0x4a0 ./Drivers/STM32F7xx_HAL_Driver/Src/stm32f7xx_ll_usb.o
                0x00000000080064a8                USB_EPStartXfer
 .text.USB_EP0StartXfer
                0x0000000008006948      0x2b8 ./Drivers/STM32F7xx_HAL_Driver/Src/stm32f7xx_ll_usb.o
                0x0000000008006948                USB_EP0StartXfer
 .text.USB_EPStopXfer
                0x0000000008006c00      0x154 ./Drivers/STM32F7xx_HAL_Driver/Src/stm32f7xx_ll_usb.o
                0x0000000008006c00                USB_EPStopXfer
 .text.USB_WritePacket
                0x0000000008006d54       0x7c ./Drivers/STM32F7xx_HAL_Driver/Src/stm32f7xx_ll_usb.o
                0x0000000008006d54                USB_WritePacket
 .text.USB_ReadPacket
                0x0000000008006dd0       0xb0 ./Drivers/STM32F7xx_HAL_Driver/Src/stm32f7xx_ll_usb.o
                0x0000000008006dd0                USB_ReadPacket
 .text.USB_EPSetStall
                0x0000000008006e80       0xdc ./Drivers/STM32F7xx_HAL_Driver/Src/stm32f7xx_ll_usb.o
                0x0000000008006e80                USB_EPSetStall
 .text.USB_EPClearStall
                0x0000000008006f5c       0xcc ./Drivers/STM32F7xx_HAL_Driver/Src/stm32f7xx_ll_usb.o
                0x0000000008006f5c                USB_EPClearStall
 .text.USB_SetDevAddress
                0x0000000008007028       0x4c ./Drivers/STM32F7xx_HAL_Driver/Src/stm32f7xx_ll_usb.o
                0x0000000008007028                USB_SetDevAddress
 .text.USB_DevConnect
                0x0000000008007074       0x42 ./Drivers/STM32F7xx_HAL_Driver/Src/stm32f7xx_ll_usb.o
                0x0000000008007074                USB_DevConnect
 .text.USB_DevDisconnect
                0x00000000080070b6       0x42 ./Drivers/STM32F7xx_HAL_Driver/Src/stm32f7xx_ll_usb.o
                0x00000000080070b6                USB_DevDisconnect
 .text.USB_ReadInterrupts
                0x00000000080070f8       0x26 ./Drivers/STM32F7xx_HAL_Driver/Src/stm32f7xx_ll_usb.o
                0x00000000080070f8                USB_ReadInterrupts
 .text.USB_ReadDevAllOutEpInterrupt
                0x000000000800711e       0x34 ./Drivers/STM32F7xx_HAL_Driver/Src/stm32f7xx_ll_usb.o
                0x000000000800711e                USB_ReadDevAllOutEpInterrupt
 .text.USB_ReadDevAllInEpInterrupt
                0x0000000008007152       0x34 ./Drivers/STM32F7xx_HAL_Driver/Src/stm32f7xx_ll_usb.o
                0x0000000008007152                USB_ReadDevAllInEpInterrupt
 .text.USB_ReadDevOutEPInterrupt
                0x0000000008007186       0x3c ./Drivers/STM32F7xx_HAL_Driver/Src/stm32f7xx_ll_usb.o
                0x0000000008007186                USB_ReadDevOutEPInterrupt
 .text.USB_ReadDevInEPInterrupt
                0x00000000080071c2       0x5c ./Drivers/STM32F7xx_HAL_Driver/Src/stm32f7xx_ll_usb.o
                0x00000000080071c2                USB_ReadDevInEPInterrupt
 .text.USB_GetMode
                0x000000000800721e       0x1c ./Drivers/STM32F7xx_HAL_Driver/Src/stm32f7xx_ll_usb.o
                0x000000000800721e                USB_GetMode
 *fill*         0x000000000800723a        0x2 
 .text.USB_ActivateSetup
                0x000000000800723c       0x48 ./Drivers/STM32F7xx_HAL_Driver/Src/stm32f7xx_ll_usb.o
                0x000000000800723c                USB_ActivateSetup
 .text.USB_EP0_OutStart
                0x0000000008007284       0xbc ./Drivers/STM32F7xx_HAL_Driver/Src/stm32f7xx_ll_usb.o
                0x0000000008007284                USB_EP0_OutStart
 .text.USB_CoreReset
                0x0000000008007340       0x68 ./Drivers/STM32F7xx_HAL_Driver/Src/stm32f7xx_ll_usb.o
 .text.USBD_CDC_Init
                0x00000000080073a8      0x1f0 ./Middlewares/ST/STM32_USB_Device_Library/Class/CDC/Src/usbd_cdc.o
 .text.USBD_CDC_DeInit
                0x0000000008007598      0x104 ./Middlewares/ST/STM32_USB_Device_Library/Class/CDC/Src/usbd_cdc.o
 .text.USBD_CDC_Setup
                0x000000000800769c      0x1b8 ./Middlewares/ST/STM32_USB_Device_Library/Class/CDC/Src/usbd_cdc.o
 .text.USBD_CDC_DataIn
                0x0000000008007854       0xfe ./Middlewares/ST/STM32_USB_Device_Library/Class/CDC/Src/usbd_cdc.o
 .text.USBD_CDC_DataOut
                0x0000000008007952       0x70 ./Middlewares/ST/STM32_USB_Device_Library/Class/CDC/Src/usbd_cdc.o
 .text.USBD_CDC_EP0_RxReady
                0x00000000080079c2       0x76 ./Middlewares/ST/STM32_USB_Device_Library/Class/CDC/Src/usbd_cdc.o
 .text.USBD_CDC_GetFSCfgDesc
                0x0000000008007a38       0x70 ./Middlewares/ST/STM32_USB_Device_Library/Class/CDC/Src/usbd_cdc.o
 .text.USBD_CDC_GetHSCfgDesc
                0x0000000008007aa8       0x70 ./Middlewares/ST/STM32_USB_Device_Library/Class/CDC/Src/usbd_cdc.o
 .text.USBD_CDC_GetOtherSpeedCfgDesc
                0x0000000008007b18       0x70 ./Middlewares/ST/STM32_USB_Device_Library/Class/CDC/Src/usbd_cdc.o
 .text.USBD_CDC_GetDeviceQualifierDescriptor
                0x0000000008007b88       0x20 ./Middlewares/ST/STM32_USB_Device_Library/Class/CDC/Src/usbd_cdc.o
                0x0000000008007b88                USBD_CDC_GetDeviceQualifierDescriptor
 .text.USBD_CDC_RegisterInterface
                0x0000000008007ba8       0x34 ./Middlewares/ST/STM32_USB_Device_Library/Class/CDC/Src/usbd_cdc.o
                0x0000000008007ba8                USBD_CDC_RegisterInterface
 .text.USBD_CDC_SetTxBuffer
                0x0000000008007bdc       0x44 ./Middlewares/ST/STM32_USB_Device_Library/Class/CDC/Src/usbd_cdc.o
                0x0000000008007bdc                USBD_CDC_SetTxBuffer
 .text.USBD_CDC_SetRxBuffer
                0x0000000008007c20       0x3a ./Middlewares/ST/STM32_USB_Device_Library/Class/CDC/Src/usbd_cdc.o
                0x0000000008007c20                USBD_CDC_SetRxBuffer
 *fill*         0x0000000008007c5a        0x2 
 .text.USBD_CDC_TransmitPacket
                0x0000000008007c5c       0x80 ./Middlewares/ST/STM32_USB_Device_Library/Class/CDC/Src/usbd_cdc.o
                0x0000000008007c5c                USBD_CDC_TransmitPacket
 .text.USBD_CDC_ReceivePacket
                0x0000000008007cdc       0x6c ./Middlewares/ST/STM32_USB_Device_Library/Class/CDC/Src/usbd_cdc.o
                0x0000000008007cdc                USBD_CDC_ReceivePacket
 .text.USBD_Init
                0x0000000008007d48       0x60 ./Middlewares/ST/STM32_USB_Device_Library/Core/Src/usbd_core.o
                0x0000000008007d48                USBD_Init
 .text.USBD_RegisterClass
                0x0000000008007da8       0x6c ./Middlewares/ST/STM32_USB_Device_Library/Core/Src/usbd_core.o
                0x0000000008007da8                USBD_RegisterClass
 .text.USBD_Start
                0x0000000008007e14       0x18 ./Middlewares/ST/STM32_USB_Device_Library/Core/Src/usbd_core.o
                0x0000000008007e14                USBD_Start
 .text.USBD_RunTestMode
                0x0000000008007e2c       0x16 ./Middlewares/ST/STM32_USB_Device_Library/Core/Src/usbd_core.o
                0x0000000008007e2c                USBD_RunTestMode
 .text.USBD_SetClassConfig
                0x0000000008007e42       0x38 ./Middlewares/ST/STM32_USB_Device_Library/Core/Src/usbd_core.o
                0x0000000008007e42                USBD_SetClassConfig
 .text.USBD_ClrClassConfig
                0x0000000008007e7a       0x34 ./Middlewares/ST/STM32_USB_Device_Library/Core/Src/usbd_core.o
                0x0000000008007e7a                USBD_ClrClassConfig
 .text.USBD_LL_SetupStage
                0x0000000008007eae       0xaa ./Middlewares/ST/STM32_USB_Device_Library/Core/Src/usbd_core.o
                0x0000000008007eae                USBD_LL_SetupStage
 .text.USBD_LL_DataOutStage
                0x0000000008007f58      0x166 ./Middlewares/ST/STM32_USB_Device_Library/Core/Src/usbd_core.o
                0x0000000008007f58                USBD_LL_DataOutStage
 .text.USBD_LL_DataInStage
                0x00000000080080be      0x164 ./Middlewares/ST/STM32_USB_Device_Library/Core/Src/usbd_core.o
                0x00000000080080be                USBD_LL_DataInStage
 .text.USBD_LL_Reset
                0x0000000008008222       0xa4 ./Middlewares/ST/STM32_USB_Device_Library/Core/Src/usbd_core.o
                0x0000000008008222                USBD_LL_Reset
 .text.USBD_LL_SetSpeed
                0x00000000080082c6       0x20 ./Middlewares/ST/STM32_USB_Device_Library/Core/Src/usbd_core.o
                0x00000000080082c6                USBD_LL_SetSpeed
 .text.USBD_LL_Suspend
                0x00000000080082e6       0x2c ./Middlewares/ST/STM32_USB_Device_Library/Core/Src/usbd_core.o
                0x00000000080082e6                USBD_LL_Suspend
 .text.USBD_LL_Resume
                0x0000000008008312       0x30 ./Middlewares/ST/STM32_USB_Device_Library/Core/Src/usbd_core.o
                0x0000000008008312                USBD_LL_Resume
 .text.USBD_LL_SOF
                0x0000000008008342       0x40 ./Middlewares/ST/STM32_USB_Device_Library/Core/Src/usbd_core.o
                0x0000000008008342                USBD_LL_SOF
 .text.USBD_LL_IsoINIncomplete
                0x0000000008008382       0x64 ./Middlewares/ST/STM32_USB_Device_Library/Core/Src/usbd_core.o
                0x0000000008008382                USBD_LL_IsoINIncomplete
 .text.USBD_LL_IsoOUTIncomplete
                0x00000000080083e6       0x64 ./Middlewares/ST/STM32_USB_Device_Library/Core/Src/usbd_core.o
                0x00000000080083e6                USBD_LL_IsoOUTIncomplete
 .text.USBD_LL_DevConnected
                0x000000000800844a       0x16 ./Middlewares/ST/STM32_USB_Device_Library/Core/Src/usbd_core.o
                0x000000000800844a                USBD_LL_DevConnected
 .text.USBD_LL_DevDisconnected
                0x0000000008008460       0x46 ./Middlewares/ST/STM32_USB_Device_Library/Core/Src/usbd_core.o
                0x0000000008008460                USBD_LL_DevDisconnected
 .text.USBD_CoreFindIF
                0x00000000080084a6       0x1a ./Middlewares/ST/STM32_USB_Device_Library/Core/Src/usbd_core.o
                0x00000000080084a6                USBD_CoreFindIF
 .text.USBD_CoreFindEP
                0x00000000080084c0       0x1a ./Middlewares/ST/STM32_USB_Device_Library/Core/Src/usbd_core.o
                0x00000000080084c0                USBD_CoreFindEP
 .text.USBD_GetEpDesc
                0x00000000080084da       0x74 ./Middlewares/ST/STM32_USB_Device_Library/Core/Src/usbd_core.o
                0x00000000080084da                USBD_GetEpDesc
 .text.USBD_GetNextDesc
                0x000000000800854e       0x3a ./Middlewares/ST/STM32_USB_Device_Library/Core/Src/usbd_core.o
                0x000000000800854e                USBD_GetNextDesc
 .text.SWAPBYTE
                0x0000000008008588       0x3c ./Middlewares/ST/STM32_USB_Device_Library/Core/Src/usbd_ctlreq.o
 .text.USBD_StdDevReq
                0x00000000080085c4       0xe4 ./Middlewares/ST/STM32_USB_Device_Library/Core/Src/usbd_ctlreq.o
                0x00000000080085c4                USBD_StdDevReq
 .text.USBD_StdItfReq
                0x00000000080086a8       0xd8 ./Middlewares/ST/STM32_USB_Device_Library/Core/Src/usbd_ctlreq.o
                0x00000000080086a8                USBD_StdItfReq
 .text.USBD_StdEPReq
                0x0000000008008780      0x33a ./Middlewares/ST/STM32_USB_Device_Library/Core/Src/usbd_ctlreq.o
                0x0000000008008780                USBD_StdEPReq
 *fill*         0x0000000008008aba        0x2 
 .text.USBD_GetDescriptor
                0x0000000008008abc      0x328 ./Middlewares/ST/STM32_USB_Device_Library/Core/Src/usbd_ctlreq.o
 .text.USBD_SetAddress
                0x0000000008008de4       0x88 ./Middlewares/ST/STM32_USB_Device_Library/Core/Src/usbd_ctlreq.o
 .text.USBD_SetConfig
                0x0000000008008e6c      0x154 ./Middlewares/ST/STM32_USB_Device_Library/Core/Src/usbd_ctlreq.o
 .text.USBD_GetConfig
                0x0000000008008fc0       0x6c ./Middlewares/ST/STM32_USB_Device_Library/Core/Src/usbd_ctlreq.o
 .text.USBD_GetStatus
                0x000000000800902c       0x68 ./Middlewares/ST/STM32_USB_Device_Library/Core/Src/usbd_ctlreq.o
 .text.USBD_SetFeature
                0x0000000008009094       0x52 ./Middlewares/ST/STM32_USB_Device_Library/Core/Src/usbd_ctlreq.o
 .text.USBD_ClrFeature
                0x00000000080090e6       0x44 ./Middlewares/ST/STM32_USB_Device_Library/Core/Src/usbd_ctlreq.o
 .text.USBD_ParseSetupRequest
                0x000000000800912a       0x74 ./Middlewares/ST/STM32_USB_Device_Library/Core/Src/usbd_ctlreq.o
                0x000000000800912a                USBD_ParseSetupRequest
 .text.USBD_CtlError
                0x000000000800919e       0x22 ./Middlewares/ST/STM32_USB_Device_Library/Core/Src/usbd_ctlreq.o
                0x000000000800919e                USBD_CtlError
 .text.USBD_GetString
                0x00000000080091c0       0x8c ./Middlewares/ST/STM32_USB_Device_Library/Core/Src/usbd_ctlreq.o
                0x00000000080091c0                USBD_GetString
 .text.USBD_GetLen
                0x000000000800924c       0x34 ./Middlewares/ST/STM32_USB_Device_Library/Core/Src/usbd_ctlreq.o
 .text.USBD_CtlSendData
                0x0000000008009280       0x36 ./Middlewares/ST/STM32_USB_Device_Library/Core/Src/usbd_ioreq.o
                0x0000000008009280                USBD_CtlSendData
 .text.USBD_CtlContinueSendData
                0x00000000080092b6       0x22 ./Middlewares/ST/STM32_USB_Device_Library/Core/Src/usbd_ioreq.o
                0x00000000080092b6                USBD_CtlContinueSendData
 .text.USBD_CtlPrepareRx
                0x00000000080092d8       0x3a ./Middlewares/ST/STM32_USB_Device_Library/Core/Src/usbd_ioreq.o
                0x00000000080092d8                USBD_CtlPrepareRx
 .text.USBD_CtlContinueRx
                0x0000000008009312       0x22 ./Middlewares/ST/STM32_USB_Device_Library/Core/Src/usbd_ioreq.o
                0x0000000008009312                USBD_CtlContinueRx
 .text.USBD_CtlSendStatus
                0x0000000008009334       0x26 ./Middlewares/ST/STM32_USB_Device_Library/Core/Src/usbd_ioreq.o
                0x0000000008009334                USBD_CtlSendStatus
 .text.USBD_CtlReceiveStatus
                0x000000000800935a       0x26 ./Middlewares/ST/STM32_USB_Device_Library/Core/Src/usbd_ioreq.o
                0x000000000800935a                USBD_CtlReceiveStatus
 .text.MX_USB_DEVICE_Init
                0x0000000008009380       0x60 ./USB_DEVICE/App/usb_device.o
                0x0000000008009380                MX_USB_DEVICE_Init
 .text.CDC_Init_FS
                0x00000000080093e0       0x28 ./USB_DEVICE/App/usbd_cdc_if.o
 .text.CDC_DeInit_FS
                0x0000000008009408       0x10 ./USB_DEVICE/App/usbd_cdc_if.o
 .text.CDC_Control_FS
                0x0000000008009418       0xbc ./USB_DEVICE/App/usbd_cdc_if.o
 .text.CDC_Receive_FS
                0x00000000080094d4       0x28 ./USB_DEVICE/App/usbd_cdc_if.o
 .text.CDC_Transmit_FS
                0x00000000080094fc       0x4c ./USB_DEVICE/App/usbd_cdc_if.o
                0x00000000080094fc                CDC_Transmit_FS
 .text.CDC_TransmitCplt_FS
                0x0000000008009548       0x22 ./USB_DEVICE/App/usbd_cdc_if.o
 *fill*         0x000000000800956a        0x2 
 .text.USBD_FS_DeviceDescriptor
                0x000000000800956c       0x24 ./USB_DEVICE/App/usbd_desc.o
                0x000000000800956c                USBD_FS_DeviceDescriptor
 .text.USBD_FS_LangIDStrDescriptor
                0x0000000008009590       0x24 ./USB_DEVICE/App/usbd_desc.o
                0x0000000008009590                USBD_FS_LangIDStrDescriptor
 .text.USBD_FS_ProductStrDescriptor
                0x00000000080095b4       0x3c ./USB_DEVICE/App/usbd_desc.o
                0x00000000080095b4                USBD_FS_ProductStrDescriptor
 .text.USBD_FS_ManufacturerStrDescriptor
                0x00000000080095f0       0x28 ./USB_DEVICE/App/usbd_desc.o
                0x00000000080095f0                USBD_FS_ManufacturerStrDescriptor
 .text.USBD_FS_SerialStrDescriptor
                0x0000000008009618       0x24 ./USB_DEVICE/App/usbd_desc.o
                0x0000000008009618                USBD_FS_SerialStrDescriptor
 .text.USBD_FS_ConfigStrDescriptor
                0x000000000800963c       0x3c ./USB_DEVICE/App/usbd_desc.o
                0x000000000800963c                USBD_FS_ConfigStrDescriptor
 .text.USBD_FS_InterfaceStrDescriptor
                0x0000000008009678       0x3c ./USB_DEVICE/App/usbd_desc.o
                0x0000000008009678                USBD_FS_InterfaceStrDescriptor
 .text.USBD_FS_USR_BOSDescriptor
                0x00000000080096b4       0x24 ./USB_DEVICE/App/usbd_desc.o
                0x00000000080096b4                USBD_FS_USR_BOSDescriptor
 .text.Get_SerialNum
                0x00000000080096d8       0x58 ./USB_DEVICE/App/usbd_desc.o
 .text.IntToUnicode
                0x0000000008009730       0x7e ./USB_DEVICE/App/usbd_desc.o
 *fill*         0x00000000080097ae        0x2 
 .text.HAL_PCD_MspInit
                0x00000000080097b0       0xe4 ./USB_DEVICE/Target/usbd_conf.o
                0x00000000080097b0                HAL_PCD_MspInit
 .text.HAL_PCD_SetupStageCallback
                0x0000000008009894       0x24 ./USB_DEVICE/Target/usbd_conf.o
                0x0000000008009894                HAL_PCD_SetupStageCallback
 .text.HAL_PCD_DataOutStageCallback
                0x00000000080098b8       0x36 ./USB_DEVICE/Target/usbd_conf.o
                0x00000000080098b8                HAL_PCD_DataOutStageCallback
 .text.HAL_PCD_DataInStageCallback
                0x00000000080098ee       0x34 ./USB_DEVICE/Target/usbd_conf.o
                0x00000000080098ee                HAL_PCD_DataInStageCallback
 .text.HAL_PCD_SOFCallback
                0x0000000008009922       0x1c ./USB_DEVICE/Target/usbd_conf.o
                0x0000000008009922                HAL_PCD_SOFCallback
 .text.HAL_PCD_ResetCallback
                0x000000000800993e       0x50 ./USB_DEVICE/Target/usbd_conf.o
                0x000000000800993e                HAL_PCD_ResetCallback
 *fill*         0x000000000800998e        0x2 
 .text.HAL_PCD_SuspendCallback
                0x0000000008009990       0x4c ./USB_DEVICE/Target/usbd_conf.o
                0x0000000008009990                HAL_PCD_SuspendCallback
 .text.HAL_PCD_ResumeCallback
                0x00000000080099dc       0x1c ./USB_DEVICE/Target/usbd_conf.o
                0x00000000080099dc                HAL_PCD_ResumeCallback
 .text.HAL_PCD_ISOOUTIncompleteCallback
                0x00000000080099f8       0x24 ./USB_DEVICE/Target/usbd_conf.o
                0x00000000080099f8                HAL_PCD_ISOOUTIncompleteCallback
 .text.HAL_PCD_ISOINIncompleteCallback
                0x0000000008009a1c       0x24 ./USB_DEVICE/Target/usbd_conf.o
                0x0000000008009a1c                HAL_PCD_ISOINIncompleteCallback
 .text.HAL_PCD_ConnectCallback
                0x0000000008009a40       0x1c ./USB_DEVICE/Target/usbd_conf.o
                0x0000000008009a40                HAL_PCD_ConnectCallback
 .text.HAL_PCD_DisconnectCallback
                0x0000000008009a5c       0x1c ./USB_DEVICE/Target/usbd_conf.o
                0x0000000008009a5c                HAL_PCD_DisconnectCallback
 .text.USBD_LL_Init
                0x0000000008009a78       0x98 ./USB_DEVICE/Target/usbd_conf.o
                0x0000000008009a78                USBD_LL_Init
 .text.USBD_LL_Start
                0x0000000008009b10       0x36 ./USB_DEVICE/Target/usbd_conf.o
                0x0000000008009b10                USBD_LL_Start
 .text.USBD_LL_OpenEP
                0x0000000008009b46       0x4c ./USB_DEVICE/Target/usbd_conf.o
                0x0000000008009b46                USBD_LL_OpenEP
 .text.USBD_LL_CloseEP
                0x0000000008009b92       0x3e ./USB_DEVICE/Target/usbd_conf.o
                0x0000000008009b92                USBD_LL_CloseEP
 .text.USBD_LL_StallEP
                0x0000000008009bd0       0x3e ./USB_DEVICE/Target/usbd_conf.o
                0x0000000008009bd0                USBD_LL_StallEP
 .text.USBD_LL_ClearStallEP
                0x0000000008009c0e       0x3e ./USB_DEVICE/Target/usbd_conf.o
                0x0000000008009c0e                USBD_LL_ClearStallEP
 .text.USBD_LL_IsStallEP
                0x0000000008009c4c       0x58 ./USB_DEVICE/Target/usbd_conf.o
                0x0000000008009c4c                USBD_LL_IsStallEP
 .text.USBD_LL_SetUSBAddress
                0x0000000008009ca4       0x3e ./USB_DEVICE/Target/usbd_conf.o
                0x0000000008009ca4                USBD_LL_SetUSBAddress
 .text.USBD_LL_Transmit
                0x0000000008009ce2       0x42 ./USB_DEVICE/Target/usbd_conf.o
                0x0000000008009ce2                USBD_LL_Transmit
 .text.USBD_LL_PrepareReceive
                0x0000000008009d24       0x42 ./USB_DEVICE/Target/usbd_conf.o
                0x0000000008009d24                USBD_LL_PrepareReceive
 .text.USBD_LL_GetRxDataSize
                0x0000000008009d66       0x26 ./USB_DEVICE/Target/usbd_conf.o
                0x0000000008009d66                USBD_LL_GetRxDataSize
 .text.HAL_PCDEx_LPM_Callback
                0x0000000008009d8c       0x9c ./USB_DEVICE/Target/usbd_conf.o
                0x0000000008009d8c                HAL_PCDEx_LPM_Callback
 .text.SystemClockConfig_Resume
                0x0000000008009e28        0xc ./USB_DEVICE/Target/usbd_conf.o
 .text.USBD_Get_USB_Status
                0x0000000008009e34       0x58 ./USB_DEVICE/Target/usbd_conf.o
                0x0000000008009e34                USBD_Get_USB_Status
 .text.arm_rfft_fast_init_f32
                0x0000000008009e8c      0x168 C:\Users\jamie\OneDrive\Documents\GitHub\BirdandWildlifeMonitor\MAIN_BOAD_PROGRAMMING\PROJ515_DSP_BOARD\Drivers\CMSIS\DSP_DRIVERS\Lib\GCC\libarm_cortexM7lfsp_math.a(arm_rfft_fast_init_f32.o)
                0x0000000008009e8c                arm_rfft_fast_init_f32
 .text.arm_rfft_fast_f32
                0x0000000008009ff4      0x188 C:\Users\jamie\OneDrive\Documents\GitHub\BirdandWildlifeMonitor\MAIN_BOAD_PROGRAMMING\PROJ515_DSP_BOARD\Drivers\CMSIS\DSP_DRIVERS\Lib\GCC\libarm_cortexM7lfsp_math.a(arm_rfft_fast_f32.o)
                0x0000000008009ff4                arm_rfft_fast_f32
 .text.arm_cfft_radix8by2_f32
                0x000000000800a17c      0x1a0 C:\Users\jamie\OneDrive\Documents\GitHub\BirdandWildlifeMonitor\MAIN_BOAD_PROGRAMMING\PROJ515_DSP_BOARD\Drivers\CMSIS\DSP_DRIVERS\Lib\GCC\libarm_cortexM7lfsp_math.a(arm_cfft_f32.o)
                0x000000000800a17c                arm_cfft_radix8by2_f32
 .text.arm_cfft_radix8by4_f32
                0x000000000800a31c      0x4b0 C:\Users\jamie\OneDrive\Documents\GitHub\BirdandWildlifeMonitor\MAIN_BOAD_PROGRAMMING\PROJ515_DSP_BOARD\Drivers\CMSIS\DSP_DRIVERS\Lib\GCC\libarm_cortexM7lfsp_math.a(arm_cfft_f32.o)
                0x000000000800a31c                arm_cfft_radix8by4_f32
 .text.arm_cfft_f32
                0x000000000800a7cc       0xf0 C:\Users\jamie\OneDrive\Documents\GitHub\BirdandWildlifeMonitor\MAIN_BOAD_PROGRAMMING\PROJ515_DSP_BOARD\Drivers\CMSIS\DSP_DRIVERS\Lib\GCC\libarm_cortexM7lfsp_math.a(arm_cfft_f32.o)
                0x000000000800a7cc                arm_cfft_f32
 .text.arm_cmplx_mag_f32
                0x000000000800a8bc      0x1d0 C:\Users\jamie\OneDrive\Documents\GitHub\BirdandWildlifeMonitor\MAIN_BOAD_PROGRAMMING\PROJ515_DSP_BOARD\Drivers\CMSIS\DSP_DRIVERS\Lib\GCC\libarm_cortexM7lfsp_math.a(arm_cmplx_mag_f32.o)
                0x000000000800a8bc                arm_cmplx_mag_f32
 .text.arm_radix8_butterfly_f32
                0x000000000800aa8c      0x5e4 C:\Users\jamie\OneDrive\Documents\GitHub\BirdandWildlifeMonitor\MAIN_BOAD_PROGRAMMING\PROJ515_DSP_BOARD\Drivers\CMSIS\DSP_DRIVERS\Lib\GCC\libarm_cortexM7lfsp_math.a(arm_cfft_radix8_f32.o)
                0x000000000800aa8c                arm_radix8_butterfly_f32
 .text.atan2    0x000000000800b070        0x4 C:/ST/STM32CubeIDE_1.14.1/STM32CubeIDE/plugins/com.st.stm32cube.ide.mcu.externaltools.gnu-tools-for-stm32.11.3.rel1.win32_1.1.100.202309141235/tools/bin/../lib/gcc/arm-none-eabi/11.3.1/../../../../arm-none-eabi/lib/thumb/v7e-m+dp/hard\libm.a(libm_a-w_atan2.o)
                0x000000000800b070                atan2
 *fill*         0x000000000800b074        0x4 
 .text.cos      0x000000000800b078       0x98 C:/ST/STM32CubeIDE_1.14.1/STM32CubeIDE/plugins/com.st.stm32cube.ide.mcu.externaltools.gnu-tools-for-stm32.11.3.rel1.win32_1.1.100.202309141235/tools/bin/../lib/gcc/arm-none-eabi/11.3.1/../../../../arm-none-eabi/lib/thumb/v7e-m+dp/hard\libm.a(libm_a-s_cos.o)
                0x000000000800b078                cos
 .text.sin      0x000000000800b110       0x98 C:/ST/STM32CubeIDE_1.14.1/STM32CubeIDE/plugins/com.st.stm32cube.ide.mcu.externaltools.gnu-tools-for-stm32.11.3.rel1.win32_1.1.100.202309141235/tools/bin/../lib/gcc/arm-none-eabi/11.3.1/../../../../arm-none-eabi/lib/thumb/v7e-m+dp/hard\libm.a(libm_a-s_sin.o)
                0x000000000800b110                sin
 .text.sqrtf    0x000000000800b1a8       0x3c C:/ST/STM32CubeIDE_1.14.1/STM32CubeIDE/plugins/com.st.stm32cube.ide.mcu.externaltools.gnu-tools-for-stm32.11.3.rel1.win32_1.1.100.202309141235/tools/bin/../lib/gcc/arm-none-eabi/11.3.1/../../../../arm-none-eabi/lib/thumb/v7e-m+dp/hard\libm.a(libm_a-wf_sqrt.o)
                0x000000000800b1a8                sqrtf
 .text.__ieee754_sqrtf
                0x000000000800b1e4        0x6 C:/ST/STM32CubeIDE_1.14.1/STM32CubeIDE/plugins/com.st.stm32cube.ide.mcu.externaltools.gnu-tools-for-stm32.11.3.rel1.win32_1.1.100.202309141235/tools/bin/../lib/gcc/arm-none-eabi/11.3.1/../../../../arm-none-eabi/lib/thumb/v7e-m+dp/hard\libm.a(libm_a-ef_sqrt.o)
                0x000000000800b1e4                __ieee754_sqrtf
 *fill*         0x000000000800b1ea        0x6 
 .text.__kernel_cos
                0x000000000800b1f0       0xd8 C:/ST/STM32CubeIDE_1.14.1/STM32CubeIDE/plugins/com.st.stm32cube.ide.mcu.externaltools.gnu-tools-for-stm32.11.3.rel1.win32_1.1.100.202309141235/tools/bin/../lib/gcc/arm-none-eabi/11.3.1/../../../../arm-none-eabi/lib/thumb/v7e-m+dp/hard\libm.a(libm_a-k_cos.o)
                0x000000000800b1f0                __kernel_cos
 .text.__kernel_sin
                0x000000000800b2c8       0xb0 C:/ST/STM32CubeIDE_1.14.1/STM32CubeIDE/plugins/com.st.stm32cube.ide.mcu.externaltools.gnu-tools-for-stm32.11.3.rel1.win32_1.1.100.202309141235/tools/bin/../lib/gcc/arm-none-eabi/11.3.1/../../../../arm-none-eabi/lib/thumb/v7e-m+dp/hard\libm.a(libm_a-k_sin.o)
                0x000000000800b2c8                __kernel_sin
 .text.__ieee754_atan2
                0x000000000800b378      0x184 C:/ST/STM32CubeIDE_1.14.1/STM32CubeIDE/plugins/com.st.stm32cube.ide.mcu.externaltools.gnu-tools-for-stm32.11.3.rel1.win32_1.1.100.202309141235/tools/bin/../lib/gcc/arm-none-eabi/11.3.1/../../../../arm-none-eabi/lib/thumb/v7e-m+dp/hard\libm.a(libm_a-e_atan2.o)
                0x000000000800b378                __ieee754_atan2
 *fill*         0x000000000800b4fc        0x4 
 .text.__ieee754_rem_pio2
                0x000000000800b500      0x288 C:/ST/STM32CubeIDE_1.14.1/STM32CubeIDE/plugins/com.st.stm32cube.ide.mcu.externaltools.gnu-tools-for-stm32.11.3.rel1.win32_1.1.100.202309141235/tools/bin/../lib/gcc/arm-none-eabi/11.3.1/../../../../arm-none-eabi/lib/thumb/v7e-m+dp/hard\libm.a(libm_a-e_rem_pio2.o)
                0x000000000800b500                __ieee754_rem_pio2
 .text.atan     0x000000000800b788      0x1f4 C:/ST/STM32CubeIDE_1.14.1/STM32CubeIDE/plugins/com.st.stm32cube.ide.mcu.externaltools.gnu-tools-for-stm32.11.3.rel1.win32_1.1.100.202309141235/tools/bin/../lib/gcc/arm-none-eabi/11.3.1/../../../../arm-none-eabi/lib/thumb/v7e-m+dp/hard\libm.a(libm_a-s_atan.o)
                0x000000000800b788                atan
 .text.fabs     0x000000000800b97c       0x12 C:/ST/STM32CubeIDE_1.14.1/STM32CubeIDE/plugins/com.st.stm32cube.ide.mcu.externaltools.gnu-tools-for-stm32.11.3.rel1.win32_1.1.100.202309141235/tools/bin/../lib/gcc/arm-none-eabi/11.3.1/../../../../arm-none-eabi/lib/thumb/v7e-m+dp/hard\libm.a(libm_a-s_fabs.o)
                0x000000000800b97c                fabs
 *fill*         0x000000000800b98e        0x2 
 .text.__kernel_rem_pio2
                0x000000000800b990      0x528 C:/ST/STM32CubeIDE_1.14.1/STM32CubeIDE/plugins/com.st.stm32cube.ide.mcu.externaltools.gnu-tools-for-stm32.11.3.rel1.win32_1.1.100.202309141235/tools/bin/../lib/gcc/arm-none-eabi/11.3.1/../../../../arm-none-eabi/lib/thumb/v7e-m+dp/hard\libm.a(libm_a-k_rem_pio2.o)
                0x000000000800b990                __kernel_rem_pio2
 .text.scalbn   0x000000000800beb8       0xfc C:/ST/STM32CubeIDE_1.14.1/STM32CubeIDE/plugins/com.st.stm32cube.ide.mcu.externaltools.gnu-tools-for-stm32.11.3.rel1.win32_1.1.100.202309141235/tools/bin/../lib/gcc/arm-none-eabi/11.3.1/../../../../arm-none-eabi/lib/thumb/v7e-m+dp/hard\libm.a(libm_a-s_scalbn.o)
                0x000000000800beb8                scalbn
 *fill*         0x000000000800bfb4        0x4 
 .text.floor    0x000000000800bfb8       0xf0 C:/ST/STM32CubeIDE_1.14.1/STM32CubeIDE/plugins/com.st.stm32cube.ide.mcu.externaltools.gnu-tools-for-stm32.11.3.rel1.win32_1.1.100.202309141235/tools/bin/../lib/gcc/arm-none-eabi/11.3.1/../../../../arm-none-eabi/lib/thumb/v7e-m+dp/hard\libm.a(libm_a-s_floor.o)
                0x000000000800bfb8                floor
 .text.malloc   0x000000000800c0a8       0x10 C:/ST/STM32CubeIDE_1.14.1/STM32CubeIDE/plugins/com.st.stm32cube.ide.mcu.externaltools.gnu-tools-for-stm32.11.3.rel1.win32_1.1.100.202309141235/tools/bin/../lib/gcc/arm-none-eabi/11.3.1/../../../../arm-none-eabi/lib/thumb/v7e-m+dp/hard\libc_nano.a(libc_a-malloc.o)
                0x000000000800c0a8                malloc
 .text.free     0x000000000800c0b8       0x10 C:/ST/STM32CubeIDE_1.14.1/STM32CubeIDE/plugins/com.st.stm32cube.ide.mcu.externaltools.gnu-tools-for-stm32.11.3.rel1.win32_1.1.100.202309141235/tools/bin/../lib/gcc/arm-none-eabi/11.3.1/../../../../arm-none-eabi/lib/thumb/v7e-m+dp/hard\libc_nano.a(libc_a-malloc.o)
                0x000000000800c0b8                free
 .text.sbrk_aligned
                0x000000000800c0c8       0x40 C:/ST/STM32CubeIDE_1.14.1/STM32CubeIDE/plugins/com.st.stm32cube.ide.mcu.externaltools.gnu-tools-for-stm32.11.3.rel1.win32_1.1.100.202309141235/tools/bin/../lib/gcc/arm-none-eabi/11.3.1/../../../../arm-none-eabi/lib/thumb/v7e-m+dp/hard\libc_nano.a(libc_a-mallocr.o)
 .text._malloc_r
                0x000000000800c108      0x100 C:/ST/STM32CubeIDE_1.14.1/STM32CubeIDE/plugins/com.st.stm32cube.ide.mcu.externaltools.gnu-tools-for-stm32.11.3.rel1.win32_1.1.100.202309141235/tools/bin/../lib/gcc/arm-none-eabi/11.3.1/../../../../arm-none-eabi/lib/thumb/v7e-m+dp/hard\libc_nano.a(libc_a-mallocr.o)
                0x000000000800c108                _malloc_r
 .text.__malloc_lock
                0x000000000800c208        0xc C:/ST/STM32CubeIDE_1.14.1/STM32CubeIDE/plugins/com.st.stm32cube.ide.mcu.externaltools.gnu-tools-for-stm32.11.3.rel1.win32_1.1.100.202309141235/tools/bin/../lib/gcc/arm-none-eabi/11.3.1/../../../../arm-none-eabi/lib/thumb/v7e-m+dp/hard\libc_nano.a(libc_a-mlock.o)
                0x000000000800c208                __malloc_lock
 .text.__malloc_unlock
                0x000000000800c214        0xc C:/ST/STM32CubeIDE_1.14.1/STM32CubeIDE/plugins/com.st.stm32cube.ide.mcu.externaltools.gnu-tools-for-stm32.11.3.rel1.win32_1.1.100.202309141235/tools/bin/../lib/gcc/arm-none-eabi/11.3.1/../../../../arm-none-eabi/lib/thumb/v7e-m+dp/hard\libc_nano.a(libc_a-mlock.o)
                0x000000000800c214                __malloc_unlock
 .text.__cvt    0x000000000800c220       0xa4 C:/ST/STM32CubeIDE_1.14.1/STM32CubeIDE/plugins/com.st.stm32cube.ide.mcu.externaltools.gnu-tools-for-stm32.11.3.rel1.win32_1.1.100.202309141235/tools/bin/../lib/gcc/arm-none-eabi/11.3.1/../../../../arm-none-eabi/lib/thumb/v7e-m+dp/hard\libc_nano.a(libc_a-nano-vfprintf_float.o)
                0x000000000800c220                __cvt
 .text.__exponent
                0x000000000800c2c4       0x7c C:/ST/STM32CubeIDE_1.14.1/STM32CubeIDE/plugins/com.st.stm32cube.ide.mcu.externaltools.gnu-tools-for-stm32.11.3.rel1.win32_1.1.100.202309141235/tools/bin/../lib/gcc/arm-none-eabi/11.3.1/../../../../arm-none-eabi/lib/thumb/v7e-m+dp/hard\libc_nano.a(libc_a-nano-vfprintf_float.o)
                0x000000000800c2c4                __exponent
 .text._printf_float
                0x000000000800c340      0x434 C:/ST/STM32CubeIDE_1.14.1/STM32CubeIDE/plugins/com.st.stm32cube.ide.mcu.externaltools.gnu-tools-for-stm32.11.3.rel1.win32_1.1.100.202309141235/tools/bin/../lib/gcc/arm-none-eabi/11.3.1/../../../../arm-none-eabi/lib/thumb/v7e-m+dp/hard\libc_nano.a(libc_a-nano-vfprintf_float.o)
                0x000000000800c340                _printf_float
 .text._printf_common
                0x000000000800c774       0xda C:/ST/STM32CubeIDE_1.14.1/STM32CubeIDE/plugins/com.st.stm32cube.ide.mcu.externaltools.gnu-tools-for-stm32.11.3.rel1.win32_1.1.100.202309141235/tools/bin/../lib/gcc/arm-none-eabi/11.3.1/../../../../arm-none-eabi/lib/thumb/v7e-m+dp/hard\libc_nano.a(libc_a-nano-vfprintf_i.o)
                0x000000000800c774                _printf_common
 *fill*         0x000000000800c84e        0x2 
 .text._printf_i
                0x000000000800c850      0x244 C:/ST/STM32CubeIDE_1.14.1/STM32CubeIDE/plugins/com.st.stm32cube.ide.mcu.externaltools.gnu-tools-for-stm32.11.3.rel1.win32_1.1.100.202309141235/tools/bin/../lib/gcc/arm-none-eabi/11.3.1/../../../../arm-none-eabi/lib/thumb/v7e-m+dp/hard\libc_nano.a(libc_a-nano-vfprintf_i.o)
                0x000000000800c850                _printf_i
 .text.std      0x000000000800ca94       0x6c C:/ST/STM32CubeIDE_1.14.1/STM32CubeIDE/plugins/com.st.stm32cube.ide.mcu.externaltools.gnu-tools-for-stm32.11.3.rel1.win32_1.1.100.202309141235/tools/bin/../lib/gcc/arm-none-eabi/11.3.1/../../../../arm-none-eabi/lib/thumb/v7e-m+dp/hard\libc_nano.a(libc_a-findfp.o)
 .text.stdio_exit_handler
                0x000000000800cb00       0x18 C:/ST/STM32CubeIDE_1.14.1/STM32CubeIDE/plugins/com.st.stm32cube.ide.mcu.externaltools.gnu-tools-for-stm32.11.3.rel1.win32_1.1.100.202309141235/tools/bin/../lib/gcc/arm-none-eabi/11.3.1/../../../../arm-none-eabi/lib/thumb/v7e-m+dp/hard\libc_nano.a(libc_a-findfp.o)
 .text.cleanup_stdio
                0x000000000800cb18       0x40 C:/ST/STM32CubeIDE_1.14.1/STM32CubeIDE/plugins/com.st.stm32cube.ide.mcu.externaltools.gnu-tools-for-stm32.11.3.rel1.win32_1.1.100.202309141235/tools/bin/../lib/gcc/arm-none-eabi/11.3.1/../../../../arm-none-eabi/lib/thumb/v7e-m+dp/hard\libc_nano.a(libc_a-findfp.o)
 .text.global_stdio_init.part.0
                0x000000000800cb58       0x3c C:/ST/STM32CubeIDE_1.14.1/STM32CubeIDE/plugins/com.st.stm32cube.ide.mcu.externaltools.gnu-tools-for-stm32.11.3.rel1.win32_1.1.100.202309141235/tools/bin/../lib/gcc/arm-none-eabi/11.3.1/../../../../arm-none-eabi/lib/thumb/v7e-m+dp/hard\libc_nano.a(libc_a-findfp.o)
 .text.__sfp_lock_acquire
                0x000000000800cb94        0xc C:/ST/STM32CubeIDE_1.14.1/STM32CubeIDE/plugins/com.st.stm32cube.ide.mcu.externaltools.gnu-tools-for-stm32.11.3.rel1.win32_1.1.100.202309141235/tools/bin/../lib/gcc/arm-none-eabi/11.3.1/../../../../arm-none-eabi/lib/thumb/v7e-m+dp/hard\libc_nano.a(libc_a-findfp.o)
                0x000000000800cb94                __sfp_lock_acquire
 .text.__sfp_lock_release
                0x000000000800cba0        0xc C:/ST/STM32CubeIDE_1.14.1/STM32CubeIDE/plugins/com.st.stm32cube.ide.mcu.externaltools.gnu-tools-for-stm32.11.3.rel1.win32_1.1.100.202309141235/tools/bin/../lib/gcc/arm-none-eabi/11.3.1/../../../../arm-none-eabi/lib/thumb/v7e-m+dp/hard\libc_nano.a(libc_a-findfp.o)
                0x000000000800cba0                __sfp_lock_release
 .text.__sinit  0x000000000800cbac       0x30 C:/ST/STM32CubeIDE_1.14.1/STM32CubeIDE/plugins/com.st.stm32cube.ide.mcu.externaltools.gnu-tools-for-stm32.11.3.rel1.win32_1.1.100.202309141235/tools/bin/../lib/gcc/arm-none-eabi/11.3.1/../../../../arm-none-eabi/lib/thumb/v7e-m+dp/hard\libc_nano.a(libc_a-findfp.o)
                0x000000000800cbac                __sinit
 .text._fwalk_sglue
                0x000000000800cbdc       0x3c C:/ST/STM32CubeIDE_1.14.1/STM32CubeIDE/plugins/com.st.stm32cube.ide.mcu.externaltools.gnu-tools-for-stm32.11.3.rel1.win32_1.1.100.202309141235/tools/bin/../lib/gcc/arm-none-eabi/11.3.1/../../../../arm-none-eabi/lib/thumb/v7e-m+dp/hard\libc_nano.a(libc_a-fwalk.o)
                0x000000000800cbdc                _fwalk_sglue
 .text.__sread  0x000000000800cc18       0x22 C:/ST/STM32CubeIDE_1.14.1/STM32CubeIDE/plugins/com.st.stm32cube.ide.mcu.externaltools.gnu-tools-for-stm32.11.3.rel1.win32_1.1.100.202309141235/tools/bin/../lib/gcc/arm-none-eabi/11.3.1/../../../../arm-none-eabi/lib/thumb/v7e-m+dp/hard\libc_nano.a(libc_a-stdio.o)
                0x000000000800cc18                __sread
 .text.__swrite
                0x000000000800cc3a       0x38 C:/ST/STM32CubeIDE_1.14.1/STM32CubeIDE/plugins/com.st.stm32cube.ide.mcu.externaltools.gnu-tools-for-stm32.11.3.rel1.win32_1.1.100.202309141235/tools/bin/../lib/gcc/arm-none-eabi/11.3.1/../../../../arm-none-eabi/lib/thumb/v7e-m+dp/hard\libc_nano.a(libc_a-stdio.o)
                0x000000000800cc3a                __swrite
 .text.__sseek  0x000000000800cc72       0x24 C:/ST/STM32CubeIDE_1.14.1/STM32CubeIDE/plugins/com.st.stm32cube.ide.mcu.externaltools.gnu-tools-for-stm32.11.3.rel1.win32_1.1.100.202309141235/tools/bin/../lib/gcc/arm-none-eabi/11.3.1/../../../../arm-none-eabi/lib/thumb/v7e-m+dp/hard\libc_nano.a(libc_a-stdio.o)
                0x000000000800cc72                __sseek
 .text.__sclose
                0x000000000800cc96        0x8 C:/ST/STM32CubeIDE_1.14.1/STM32CubeIDE/plugins/com.st.stm32cube.ide.mcu.externaltools.gnu-tools-for-stm32.11.3.rel1.win32_1.1.100.202309141235/tools/bin/../lib/gcc/arm-none-eabi/11.3.1/../../../../arm-none-eabi/lib/thumb/v7e-m+dp/hard\libc_nano.a(libc_a-stdio.o)
                0x000000000800cc96                __sclose
 .text.memset   0x000000000800cc9e       0x10 C:/ST/STM32CubeIDE_1.14.1/STM32CubeIDE/plugins/com.st.stm32cube.ide.mcu.externaltools.gnu-tools-for-stm32.11.3.rel1.win32_1.1.100.202309141235/tools/bin/../lib/gcc/arm-none-eabi/11.3.1/../../../../arm-none-eabi/lib/thumb/v7e-m+dp/hard\libc_nano.a(libc_a-memset.o)
                0x000000000800cc9e                memset
 *fill*         0x000000000800ccae        0x2 
 .text._localeconv_r
                0x000000000800ccb0        0x8 C:/ST/STM32CubeIDE_1.14.1/STM32CubeIDE/plugins/com.st.stm32cube.ide.mcu.externaltools.gnu-tools-for-stm32.11.3.rel1.win32_1.1.100.202309141235/tools/bin/../lib/gcc/arm-none-eabi/11.3.1/../../../../arm-none-eabi/lib/thumb/v7e-m+dp/hard\libc_nano.a(libc_a-localeconv.o)
                0x000000000800ccb0                _localeconv_r
 .text._close_r
                0x000000000800ccb8       0x20 C:/ST/STM32CubeIDE_1.14.1/STM32CubeIDE/plugins/com.st.stm32cube.ide.mcu.externaltools.gnu-tools-for-stm32.11.3.rel1.win32_1.1.100.202309141235/tools/bin/../lib/gcc/arm-none-eabi/11.3.1/../../../../arm-none-eabi/lib/thumb/v7e-m+dp/hard\libc_nano.a(libc_a-closer.o)
                0x000000000800ccb8                _close_r
 .text._lseek_r
                0x000000000800ccd8       0x24 C:/ST/STM32CubeIDE_1.14.1/STM32CubeIDE/plugins/com.st.stm32cube.ide.mcu.externaltools.gnu-tools-for-stm32.11.3.rel1.win32_1.1.100.202309141235/tools/bin/../lib/gcc/arm-none-eabi/11.3.1/../../../../arm-none-eabi/lib/thumb/v7e-m+dp/hard\libc_nano.a(libc_a-lseekr.o)
                0x000000000800ccd8                _lseek_r
 .text._read_r  0x000000000800ccfc       0x24 C:/ST/STM32CubeIDE_1.14.1/STM32CubeIDE/plugins/com.st.stm32cube.ide.mcu.externaltools.gnu-tools-for-stm32.11.3.rel1.win32_1.1.100.202309141235/tools/bin/../lib/gcc/arm-none-eabi/11.3.1/../../../../arm-none-eabi/lib/thumb/v7e-m+dp/hard\libc_nano.a(libc_a-readr.o)
                0x000000000800ccfc                _read_r
 .text._sbrk_r  0x000000000800cd20       0x20 C:/ST/STM32CubeIDE_1.14.1/STM32CubeIDE/plugins/com.st.stm32cube.ide.mcu.externaltools.gnu-tools-for-stm32.11.3.rel1.win32_1.1.100.202309141235/tools/bin/../lib/gcc/arm-none-eabi/11.3.1/../../../../arm-none-eabi/lib/thumb/v7e-m+dp/hard\libc_nano.a(libc_a-sbrkr.o)
                0x000000000800cd20                _sbrk_r
 .text._write_r
                0x000000000800cd40       0x24 C:/ST/STM32CubeIDE_1.14.1/STM32CubeIDE/plugins/com.st.stm32cube.ide.mcu.externaltools.gnu-tools-for-stm32.11.3.rel1.win32_1.1.100.202309141235/tools/bin/../lib/gcc/arm-none-eabi/11.3.1/../../../../arm-none-eabi/lib/thumb/v7e-m+dp/hard\libc_nano.a(libc_a-writer.o)
                0x000000000800cd40                _write_r
 .text.__errno  0x000000000800cd64        0xc C:/ST/STM32CubeIDE_1.14.1/STM32CubeIDE/plugins/com.st.stm32cube.ide.mcu.externaltools.gnu-tools-for-stm32.11.3.rel1.win32_1.1.100.202309141235/tools/bin/../lib/gcc/arm-none-eabi/11.3.1/../../../../arm-none-eabi/lib/thumb/v7e-m+dp/hard\libc_nano.a(libc_a-errno.o)
                0x000000000800cd64                __errno
 .text.__libc_init_array
                0x000000000800cd70       0x48 C:/ST/STM32CubeIDE_1.14.1/STM32CubeIDE/plugins/com.st.stm32cube.ide.mcu.externaltools.gnu-tools-for-stm32.11.3.rel1.win32_1.1.100.202309141235/tools/bin/../lib/gcc/arm-none-eabi/11.3.1/../../../../arm-none-eabi/lib/thumb/v7e-m+dp/hard\libc_nano.a(libc_a-init.o)
                0x000000000800cd70                __libc_init_array
 .text.__retarget_lock_init_recursive
                0x000000000800cdb8        0x2 C:/ST/STM32CubeIDE_1.14.1/STM32CubeIDE/plugins/com.st.stm32cube.ide.mcu.externaltools.gnu-tools-for-stm32.11.3.rel1.win32_1.1.100.202309141235/tools/bin/../lib/gcc/arm-none-eabi/11.3.1/../../../../arm-none-eabi/lib/thumb/v7e-m+dp/hard\libc_nano.a(libc_a-lock.o)
                0x000000000800cdb8                __retarget_lock_init_recursive
 .text.__retarget_lock_acquire_recursive
                0x000000000800cdba        0x2 C:/ST/STM32CubeIDE_1.14.1/STM32CubeIDE/plugins/com.st.stm32cube.ide.mcu.externaltools.gnu-tools-for-stm32.11.3.rel1.win32_1.1.100.202309141235/tools/bin/../lib/gcc/arm-none-eabi/11.3.1/../../../../arm-none-eabi/lib/thumb/v7e-m+dp/hard\libc_nano.a(libc_a-lock.o)
                0x000000000800cdba                __retarget_lock_acquire_recursive
 .text.__retarget_lock_release_recursive
                0x000000000800cdbc        0x2 C:/ST/STM32CubeIDE_1.14.1/STM32CubeIDE/plugins/com.st.stm32cube.ide.mcu.externaltools.gnu-tools-for-stm32.11.3.rel1.win32_1.1.100.202309141235/tools/bin/../lib/gcc/arm-none-eabi/11.3.1/../../../../arm-none-eabi/lib/thumb/v7e-m+dp/hard\libc_nano.a(libc_a-lock.o)
                0x000000000800cdbc                __retarget_lock_release_recursive
 .text.quorem   0x000000000800cdbe      0x110 C:/ST/STM32CubeIDE_1.14.1/STM32CubeIDE/plugins/com.st.stm32cube.ide.mcu.externaltools.gnu-tools-for-stm32.11.3.rel1.win32_1.1.100.202309141235/tools/bin/../lib/gcc/arm-none-eabi/11.3.1/../../../../arm-none-eabi/lib/thumb/v7e-m+dp/hard\libc_nano.a(libc_a-dtoa.o)
 *fill*         0x000000000800cece        0x2 
 .text._dtoa_r  0x000000000800ced0      0xad8 C:/ST/STM32CubeIDE_1.14.1/STM32CubeIDE/plugins/com.st.stm32cube.ide.mcu.externaltools.gnu-tools-for-stm32.11.3.rel1.win32_1.1.100.202309141235/tools/bin/../lib/gcc/arm-none-eabi/11.3.1/../../../../arm-none-eabi/lib/thumb/v7e-m+dp/hard\libc_nano.a(libc_a-dtoa.o)
                0x000000000800ced0                _dtoa_r
 .text._free_r  0x000000000800d9a8       0x98 C:/ST/STM32CubeIDE_1.14.1/STM32CubeIDE/plugins/com.st.stm32cube.ide.mcu.externaltools.gnu-tools-for-stm32.11.3.rel1.win32_1.1.100.202309141235/tools/bin/../lib/gcc/arm-none-eabi/11.3.1/../../../../arm-none-eabi/lib/thumb/v7e-m+dp/hard\libc_nano.a(libc_a-freer.o)
                0x000000000800d9a8                _free_r
 .text._Balloc  0x000000000800da40       0x80 C:/ST/STM32CubeIDE_1.14.1/STM32CubeIDE/plugins/com.st.stm32cube.ide.mcu.externaltools.gnu-tools-for-stm32.11.3.rel1.win32_1.1.100.202309141235/tools/bin/../lib/gcc/arm-none-eabi/11.3.1/../../../../arm-none-eabi/lib/thumb/v7e-m+dp/hard\libc_nano.a(libc_a-mprec.o)
                0x000000000800da40                _Balloc
 .text._Bfree   0x000000000800dac0       0x44 C:/ST/STM32CubeIDE_1.14.1/STM32CubeIDE/plugins/com.st.stm32cube.ide.mcu.externaltools.gnu-tools-for-stm32.11.3.rel1.win32_1.1.100.202309141235/tools/bin/../lib/gcc/arm-none-eabi/11.3.1/../../../../arm-none-eabi/lib/thumb/v7e-m+dp/hard\libc_nano.a(libc_a-mprec.o)
                0x000000000800dac0                _Bfree
 .text.__multadd
                0x000000000800db04       0x8c C:/ST/STM32CubeIDE_1.14.1/STM32CubeIDE/plugins/com.st.stm32cube.ide.mcu.externaltools.gnu-tools-for-stm32.11.3.rel1.win32_1.1.100.202309141235/tools/bin/../lib/gcc/arm-none-eabi/11.3.1/../../../../arm-none-eabi/lib/thumb/v7e-m+dp/hard\libc_nano.a(libc_a-mprec.o)
                0x000000000800db04                __multadd
 .text.__hi0bits
                0x000000000800db90       0x40 C:/ST/STM32CubeIDE_1.14.1/STM32CubeIDE/plugins/com.st.stm32cube.ide.mcu.externaltools.gnu-tools-for-stm32.11.3.rel1.win32_1.1.100.202309141235/tools/bin/../lib/gcc/arm-none-eabi/11.3.1/../../../../arm-none-eabi/lib/thumb/v7e-m+dp/hard\libc_nano.a(libc_a-mprec.o)
                0x000000000800db90                __hi0bits
 .text.__lo0bits
                0x000000000800dbd0       0x5a C:/ST/STM32CubeIDE_1.14.1/STM32CubeIDE/plugins/com.st.stm32cube.ide.mcu.externaltools.gnu-tools-for-stm32.11.3.rel1.win32_1.1.100.202309141235/tools/bin/../lib/gcc/arm-none-eabi/11.3.1/../../../../arm-none-eabi/lib/thumb/v7e-m+dp/hard\libc_nano.a(libc_a-mprec.o)
                0x000000000800dbd0                __lo0bits
 *fill*         0x000000000800dc2a        0x2 
 .text.__i2b    0x000000000800dc2c       0x2c C:/ST/STM32CubeIDE_1.14.1/STM32CubeIDE/plugins/com.st.stm32cube.ide.mcu.externaltools.gnu-tools-for-stm32.11.3.rel1.win32_1.1.100.202309141235/tools/bin/../lib/gcc/arm-none-eabi/11.3.1/../../../../arm-none-eabi/lib/thumb/v7e-m+dp/hard\libc_nano.a(libc_a-mprec.o)
                0x000000000800dc2c                __i2b
 .text.__multiply
                0x000000000800dc58      0x154 C:/ST/STM32CubeIDE_1.14.1/STM32CubeIDE/plugins/com.st.stm32cube.ide.mcu.externaltools.gnu-tools-for-stm32.11.3.rel1.win32_1.1.100.202309141235/tools/bin/../lib/gcc/arm-none-eabi/11.3.1/../../../../arm-none-eabi/lib/thumb/v7e-m+dp/hard\libc_nano.a(libc_a-mprec.o)
                0x000000000800dc58                __multiply
 .text.__pow5mult
                0x000000000800ddac       0xb4 C:/ST/STM32CubeIDE_1.14.1/STM32CubeIDE/plugins/com.st.stm32cube.ide.mcu.externaltools.gnu-tools-for-stm32.11.3.rel1.win32_1.1.100.202309141235/tools/bin/../lib/gcc/arm-none-eabi/11.3.1/../../../../arm-none-eabi/lib/thumb/v7e-m+dp/hard\libc_nano.a(libc_a-mprec.o)
                0x000000000800ddac                __pow5mult
 .text.__lshift
                0x000000000800de60       0xd8 C:/ST/STM32CubeIDE_1.14.1/STM32CubeIDE/plugins/com.st.stm32cube.ide.mcu.externaltools.gnu-tools-for-stm32.11.3.rel1.win32_1.1.100.202309141235/tools/bin/../lib/gcc/arm-none-eabi/11.3.1/../../../../arm-none-eabi/lib/thumb/v7e-m+dp/hard\libc_nano.a(libc_a-mprec.o)
                0x000000000800de60                __lshift
 .text.__mcmp   0x000000000800df38       0x38 C:/ST/STM32CubeIDE_1.14.1/STM32CubeIDE/plugins/com.st.stm32cube.ide.mcu.externaltools.gnu-tools-for-stm32.11.3.rel1.win32_1.1.100.202309141235/tools/bin/../lib/gcc/arm-none-eabi/11.3.1/../../../../arm-none-eabi/lib/thumb/v7e-m+dp/hard\libc_nano.a(libc_a-mprec.o)
                0x000000000800df38                __mcmp
 .text.__mdiff  0x000000000800df70      0x114 C:/ST/STM32CubeIDE_1.14.1/STM32CubeIDE/plugins/com.st.stm32cube.ide.mcu.externaltools.gnu-tools-for-stm32.11.3.rel1.win32_1.1.100.202309141235/tools/bin/../lib/gcc/arm-none-eabi/11.3.1/../../../../arm-none-eabi/lib/thumb/v7e-m+dp/hard\libc_nano.a(libc_a-mprec.o)
                0x000000000800df70                __mdiff
 .text.__d2b    0x000000000800e084       0xb4 C:/ST/STM32CubeIDE_1.14.1/STM32CubeIDE/plugins/com.st.stm32cube.ide.mcu.externaltools.gnu-tools-for-stm32.11.3.rel1.win32_1.1.100.202309141235/tools/bin/../lib/gcc/arm-none-eabi/11.3.1/../../../../arm-none-eabi/lib/thumb/v7e-m+dp/hard\libc_nano.a(libc_a-mprec.o)
                0x000000000800e084                __d2b
 .text.__sflush_r
                0x000000000800e138      0x10c C:/ST/STM32CubeIDE_1.14.1/STM32CubeIDE/plugins/com.st.stm32cube.ide.mcu.externaltools.gnu-tools-for-stm32.11.3.rel1.win32_1.1.100.202309141235/tools/bin/../lib/gcc/arm-none-eabi/11.3.1/../../../../arm-none-eabi/lib/thumb/v7e-m+dp/hard\libc_nano.a(libc_a-fflush.o)
                0x000000000800e138                __sflush_r
 .text._fflush_r
                0x000000000800e244       0x50 C:/ST/STM32CubeIDE_1.14.1/STM32CubeIDE/plugins/com.st.stm32cube.ide.mcu.externaltools.gnu-tools-for-stm32.11.3.rel1.win32_1.1.100.202309141235/tools/bin/../lib/gcc/arm-none-eabi/11.3.1/../../../../arm-none-eabi/lib/thumb/v7e-m+dp/hard\libc_nano.a(libc_a-fflush.o)
                0x000000000800e244                _fflush_r
 .text.memcpy   0x000000000800e294       0x1c C:/ST/STM32CubeIDE_1.14.1/STM32CubeIDE/plugins/com.st.stm32cube.ide.mcu.externaltools.gnu-tools-for-stm32.11.3.rel1.win32_1.1.100.202309141235/tools/bin/../lib/gcc/arm-none-eabi/11.3.1/../../../../arm-none-eabi/lib/thumb/v7e-m+dp/hard\libc_nano.a(libc_a-memcpy-stub.o)
                0x000000000800e294                memcpy
 .text.__assert_func
                0x000000000800e2b0       0x3c C:/ST/STM32CubeIDE_1.14.1/STM32CubeIDE/plugins/com.st.stm32cube.ide.mcu.externaltools.gnu-tools-for-stm32.11.3.rel1.win32_1.1.100.202309141235/tools/bin/../lib/gcc/arm-none-eabi/11.3.1/../../../../arm-none-eabi/lib/thumb/v7e-m+dp/hard\libc_nano.a(libc_a-assert.o)
                0x000000000800e2b0                __assert_func
 .text._calloc_r
                0x000000000800e2ec       0x2c C:/ST/STM32CubeIDE_1.14.1/STM32CubeIDE/plugins/com.st.stm32cube.ide.mcu.externaltools.gnu-tools-for-stm32.11.3.rel1.win32_1.1.100.202309141235/tools/bin/../lib/gcc/arm-none-eabi/11.3.1/../../../../arm-none-eabi/lib/thumb/v7e-m+dp/hard\libc_nano.a(libc_a-callocr.o)
                0x000000000800e2ec                _calloc_r
 .text.__ascii_mbtowc
                0x000000000800e318       0x24 C:/ST/STM32CubeIDE_1.14.1/STM32CubeIDE/plugins/com.st.stm32cube.ide.mcu.externaltools.gnu-tools-for-stm32.11.3.rel1.win32_1.1.100.202309141235/tools/bin/../lib/gcc/arm-none-eabi/11.3.1/../../../../arm-none-eabi/lib/thumb/v7e-m+dp/hard\libc_nano.a(libc_a-mbtowc_r.o)
                0x000000000800e318                __ascii_mbtowc
 .text.__ascii_wctomb
                0x000000000800e33c       0x1a C:/ST/STM32CubeIDE_1.14.1/STM32CubeIDE/plugins/com.st.stm32cube.ide.mcu.externaltools.gnu-tools-for-stm32.11.3.rel1.win32_1.1.100.202309141235/tools/bin/../lib/gcc/arm-none-eabi/11.3.1/../../../../arm-none-eabi/lib/thumb/v7e-m+dp/hard\libc_nano.a(libc_a-wctomb_r.o)
                0x000000000800e33c                __ascii_wctomb
 *fill*         0x000000000800e356        0x2 
 .text.fprintf  0x000000000800e358       0x24 C:/ST/STM32CubeIDE_1.14.1/STM32CubeIDE/plugins/com.st.stm32cube.ide.mcu.externaltools.gnu-tools-for-stm32.11.3.rel1.win32_1.1.100.202309141235/tools/bin/../lib/gcc/arm-none-eabi/11.3.1/../../../../arm-none-eabi/lib/thumb/v7e-m+dp/hard\libc_nano.a(libc_a-fprintf.o)
                0x000000000800e358                fiprintf
                0x000000000800e358                fprintf
 .text.abort    0x000000000800e37c        0xe C:/ST/STM32CubeIDE_1.14.1/STM32CubeIDE/plugins/com.st.stm32cube.ide.mcu.externaltools.gnu-tools-for-stm32.11.3.rel1.win32_1.1.100.202309141235/tools/bin/../lib/gcc/arm-none-eabi/11.3.1/../../../../arm-none-eabi/lib/thumb/v7e-m+dp/hard\libc_nano.a(libc_a-abort.o)
                0x000000000800e37c                abort
 .text.__sfputc_r
                0x000000000800e38a       0x2e C:/ST/STM32CubeIDE_1.14.1/STM32CubeIDE/plugins/com.st.stm32cube.ide.mcu.externaltools.gnu-tools-for-stm32.11.3.rel1.win32_1.1.100.202309141235/tools/bin/../lib/gcc/arm-none-eabi/11.3.1/../../../../arm-none-eabi/lib/thumb/v7e-m+dp/hard\libc_nano.a(libc_a-nano-vfprintf.o)
 .text.__sfputs_r
                0x000000000800e3b8       0x24 C:/ST/STM32CubeIDE_1.14.1/STM32CubeIDE/plugins/com.st.stm32cube.ide.mcu.externaltools.gnu-tools-for-stm32.11.3.rel1.win32_1.1.100.202309141235/tools/bin/../lib/gcc/arm-none-eabi/11.3.1/../../../../arm-none-eabi/lib/thumb/v7e-m+dp/hard\libc_nano.a(libc_a-nano-vfprintf.o)
                0x000000000800e3b8                __sfputs_r
 .text._vfprintf_r
                0x000000000800e3dc      0x234 C:/ST/STM32CubeIDE_1.14.1/STM32CubeIDE/plugins/com.st.stm32cube.ide.mcu.externaltools.gnu-tools-for-stm32.11.3.rel1.win32_1.1.100.202309141235/tools/bin/../lib/gcc/arm-none-eabi/11.3.1/../../../../arm-none-eabi/lib/thumb/v7e-m+dp/hard\libc_nano.a(libc_a-nano-vfprintf.o)
                0x000000000800e3dc                _vfprintf_r
                0x000000000800e3dc                _vfiprintf_r
 .text.__swbuf_r
                0x000000000800e610       0x7a C:/ST/STM32CubeIDE_1.14.1/STM32CubeIDE/plugins/com.st.stm32cube.ide.mcu.externaltools.gnu-tools-for-stm32.11.3.rel1.win32_1.1.100.202309141235/tools/bin/../lib/gcc/arm-none-eabi/11.3.1/../../../../arm-none-eabi/lib/thumb/v7e-m+dp/hard\libc_nano.a(libc_a-wbuf.o)
                0x000000000800e610                __swbuf_r
 *fill*         0x000000000800e68a        0x2 
 .text.__swsetup_r
                0x000000000800e68c       0xb0 C:/ST/STM32CubeIDE_1.14.1/STM32CubeIDE/plugins/com.st.stm32cube.ide.mcu.externaltools.gnu-tools-for-stm32.11.3.rel1.win32_1.1.100.202309141235/tools/bin/../lib/gcc/arm-none-eabi/11.3.1/../../../../arm-none-eabi/lib/thumb/v7e-m+dp/hard\libc_nano.a(libc_a-wsetup.o)
                0x000000000800e68c                __swsetup_r
 .text._raise_r
                0x000000000800e73c       0x50 C:/ST/STM32CubeIDE_1.14.1/STM32CubeIDE/plugins/com.st.stm32cube.ide.mcu.externaltools.gnu-tools-for-stm32.11.3.rel1.win32_1.1.100.202309141235/tools/bin/../lib/gcc/arm-none-eabi/11.3.1/../../../../arm-none-eabi/lib/thumb/v7e-m+dp/hard\libc_nano.a(libc_a-signal.o)
                0x000000000800e73c                _raise_r
 .text.raise    0x000000000800e78c       0x10 C:/ST/STM32CubeIDE_1.14.1/STM32CubeIDE/plugins/com.st.stm32cube.ide.mcu.externaltools.gnu-tools-for-stm32.11.3.rel1.win32_1.1.100.202309141235/tools/bin/../lib/gcc/arm-none-eabi/11.3.1/../../../../arm-none-eabi/lib/thumb/v7e-m+dp/hard\libc_nano.a(libc_a-signal.o)
                0x000000000800e78c                raise
 .text._kill_r  0x000000000800e79c       0x24 C:/ST/STM32CubeIDE_1.14.1/STM32CubeIDE/plugins/com.st.stm32cube.ide.mcu.externaltools.gnu-tools-for-stm32.11.3.rel1.win32_1.1.100.202309141235/tools/bin/../lib/gcc/arm-none-eabi/11.3.1/../../../../arm-none-eabi/lib/thumb/v7e-m+dp/hard\libc_nano.a(libc_a-signalr.o)
                0x000000000800e79c                _kill_r
 .text._getpid_r
                0x000000000800e7c0        0x4 C:/ST/STM32CubeIDE_1.14.1/STM32CubeIDE/plugins/com.st.stm32cube.ide.mcu.externaltools.gnu-tools-for-stm32.11.3.rel1.win32_1.1.100.202309141235/tools/bin/../lib/gcc/arm-none-eabi/11.3.1/../../../../arm-none-eabi/lib/thumb/v7e-m+dp/hard\libc_nano.a(libc_a-signalr.o)
                0x000000000800e7c0                _getpid_r
 .text.__swhatbuf_r
                0x000000000800e7c4       0x4c C:/ST/STM32CubeIDE_1.14.1/STM32CubeIDE/plugins/com.st.stm32cube.ide.mcu.externaltools.gnu-tools-for-stm32.11.3.rel1.win32_1.1.100.202309141235/tools/bin/../lib/gcc/arm-none-eabi/11.3.1/../../../../arm-none-eabi/lib/thumb/v7e-m+dp/hard\libc_nano.a(libc_a-makebuf.o)
                0x000000000800e7c4                __swhatbuf_r
 .text.__smakebuf_r
                0x000000000800e810       0x78 C:/ST/STM32CubeIDE_1.14.1/STM32CubeIDE/plugins/com.st.stm32cube.ide.mcu.externaltools.gnu-tools-for-stm32.11.3.rel1.win32_1.1.100.202309141235/tools/bin/../lib/gcc/arm-none-eabi/11.3.1/../../../../arm-none-eabi/lib/thumb/v7e-m+dp/hard\libc_nano.a(libc_a-makebuf.o)
                0x000000000800e810                __smakebuf_r
 .text._fstat_r