../Core/Src/main.c:114:9:spi_data_send	24	static
../Core/Src/main.c:170:5:BAD	32	static
../Core/Src/main.c:216:6:spectral_subtraction	40	static
../Core/Src/main.c:277:6:process_data	32	static
../Core/Src/main.c:302:6:HAL_I2S_RxHalfCpltCallback	16	static
../Core/Src/main.c:308:6:HAL_I2S_RxFullCpltCallback	16	static
../Core/Src/main.c:314:6:HAL_SPI_TxCpltCallback	16	static
../Core/Src/main.c:324:5:main	40	static
../Core/Src/main.c:391:6:SystemClock_Config	88	static
../Core/Src/main.c:444:6:PeriphCommonClock_Config	152	static
../Core/Src/main.c:468:13:MX_I2S2_Init	8	static
../Core/Src/main.c:501:13:MX_I2S3_Init	8	static
../Core/Src/main.c:534:13:MX_SPI4_Init	8	static
../Core/Src/main.c:571:13:MX_DMA_Init	16	static
../Core/Src/main.c:596:13:MX_GPIO_Init	56	static
../Core/Src/main.c:652:6:Error_Handler	4	static,ignoring_inline_asm
